Classic Timing Analyzer report for CPU_WITH_MEMORY
Wed May 16 18:13:15 2018
Quartus II Version 9.1 Build 222 10/21/2009 SJ Web Edition


---------------------
; Table of Contents ;
---------------------
  1. Legal Notice
  2. Timing Analyzer Summary
  3. Timing Analyzer Settings
  4. Clock Settings Summary
  5. Parallel Compilation
  6. Clock Setup: 'move_sp'
  7. tsu
  8. tco
  9. tpd
 10. th
 11. Timing Analyzer Messages



----------------
; Legal Notice ;
----------------
Copyright (C) 1991-2009 Altera Corporation
Your use of Altera Corporation's design tools, logic functions 
and other software and tools, and its AMPP partner logic 
functions, and any output files from any of the foregoing 
(including device programming or simulation files), and any 
associated documentation or information are expressly subject 
to the terms and conditions of the Altera Program License 
Subscription Agreement, Altera MegaCore Function License 
Agreement, or other applicable license agreement, including, 
without limitation, that your use is for the sole purpose of 
programming logic devices manufactured by Altera and sold by 
Altera or its authorized distributors.  Please refer to the 
applicable agreement for further details.



+----------------------------------------------------------------------------------------------------------------------------------------------------------------------------------------------------------------------------------------------------------------------------------------------------------------------------------------------------------------------+
; Timing Analyzer Summary                                                                                                                                                                                                                                                                                                                                              ;
+------------------------------+-------+---------------+------------------------------------------------+-----------------------------------------------------------------------------------------------------------+-----------------------------------------------------------------------------------------------------------+------------+----------+--------------+
; Type                         ; Slack ; Required Time ; Actual Time                                    ; From                                                                                                      ; To                                                                                                        ; From Clock ; To Clock ; Failed Paths ;
+------------------------------+-------+---------------+------------------------------------------------+-----------------------------------------------------------------------------------------------------------+-----------------------------------------------------------------------------------------------------------+------------+----------+--------------+
; Worst-case tsu               ; N/A   ; None          ; 3.220 ns                                       ; POP                                                                                                       ; STACK:inst|STACK_POINTER_COUNTER:inst|lpm_counter:lpm_counter_component|cntr_afi:auto_generated|safe_q[2] ; --         ; move_sp  ; 0            ;
; Worst-case tco               ; N/A   ; None          ; 7.575 ns                                       ; STACK:inst|STACK_POINTER_COUNTER:inst|lpm_counter:lpm_counter_component|cntr_afi:auto_generated|safe_q[2] ; data_out[1]                                                                                               ; move_sp    ; --       ; 0            ;
; Worst-case tpd               ; N/A   ; None          ; 6.674 ns                                       ; POP                                                                                                       ; data_out[9]                                                                                               ; --         ; --       ; 0            ;
; Worst-case th                ; N/A   ; None          ; -1.923 ns                                      ; data_in[5]                                                                                                ; STACK:inst|STACK_REGISTER:inst7|lpm_ff:lpm_ff_component|dffs[5]                                           ; --         ; PUSH     ; 0            ;
; Clock Setup: 'move_sp'       ; N/A   ; None          ; Restricted to 500.00 MHz ( period = 2.000 ns ) ; STACK:inst|STACK_POINTER_COUNTER:inst|lpm_counter:lpm_counter_component|cntr_afi:auto_generated|safe_q[0] ; STACK:inst|STACK_POINTER_COUNTER:inst|lpm_counter:lpm_counter_component|cntr_afi:auto_generated|safe_q[2] ; move_sp    ; move_sp  ; 0            ;
; Total number of failed paths ;       ;               ;                                                ;                                                                                                           ;                                                                                                           ;            ;          ; 0            ;
+------------------------------+-------+---------------+------------------------------------------------+-----------------------------------------------------------------------------------------------------------+-----------------------------------------------------------------------------------------------------------+------------+----------+--------------+


+-----------------------------------------------------------------------------------------------------------------------------------------------------+
; Timing Analyzer Settings                                                                                                                            ;
+------------------------------------------------------------------------------------------------------+--------------------+------+----+-------------+
; Option                                                                                               ; Setting            ; From ; To ; Entity Name ;
+------------------------------------------------------------------------------------------------------+--------------------+------+----+-------------+
; Device Name                                                                                          ; EP2S15F484C3       ;      ;    ;             ;
; Timing Models                                                                                        ; Final              ;      ;    ;             ;
; Default hold multicycle                                                                              ; Same as Multicycle ;      ;    ;             ;
; Cut paths between unrelated clock domains                                                            ; On                 ;      ;    ;             ;
; Cut off read during write signal paths                                                               ; On                 ;      ;    ;             ;
; Cut off feedback from I/O pins                                                                       ; On                 ;      ;    ;             ;
; Report Combined Fast/Slow Timing                                                                     ; Off                ;      ;    ;             ;
; Ignore Clock Settings                                                                                ; Off                ;      ;    ;             ;
; Analyze latches as synchronous elements                                                              ; On                 ;      ;    ;             ;
; Enable Recovery/Removal analysis                                                                     ; Off                ;      ;    ;             ;
; Enable Clock Latency                                                                                 ; Off                ;      ;    ;             ;
; Use TimeQuest Timing Analyzer                                                                        ; Off                ;      ;    ;             ;
; Number of source nodes to report per destination node                                                ; 10                 ;      ;    ;             ;
; Number of destination nodes to report                                                                ; 10                 ;      ;    ;             ;
; Number of paths to report                                                                            ; 200                ;      ;    ;             ;
; Report Minimum Timing Checks                                                                         ; Off                ;      ;    ;             ;
; Use Fast Timing Models                                                                               ; Off                ;      ;    ;             ;
; Report IO Paths Separately                                                                           ; Off                ;      ;    ;             ;
; Perform Multicorner Analysis                                                                         ; On                 ;      ;    ;             ;
; Reports the worst-case path for each clock domain and analysis                                       ; Off                ;      ;    ;             ;
; Reports worst-case timing paths for each clock domain and analysis                                   ; Off                ;      ;    ;             ;
; Specifies the maximum number of worst-case timing paths to report for each clock domain and analysis ; 100                ;      ;    ;             ;
; Removes common clock path pessimism (CCPP) during slack computation                                  ; Off                ;      ;    ;             ;
; Output I/O Timing Endpoint                                                                           ; Near End           ;      ;    ;             ;
+------------------------------------------------------------------------------------------------------+--------------------+------+----+-------------+


+------------------------------------------------------------------------------------------------------------------------------------------------------------------------------------+
; Clock Settings Summary                                                                                                                                                             ;
+-----------------+--------------------+----------+------------------+---------------+--------------+----------+-----------------------+---------------------+--------+--------------+
; Clock Node Name ; Clock Setting Name ; Type     ; Fmax Requirement ; Early Latency ; Late Latency ; Based on ; Multiply Base Fmax by ; Divide Base Fmax by ; Offset ; Phase offset ;
+-----------------+--------------------+----------+------------------+---------------+--------------+----------+-----------------------+---------------------+--------+--------------+
; move_sp         ;                    ; User Pin ; None             ; 0.000 ns      ; 0.000 ns     ; --       ; N/A                   ; N/A                 ; N/A    ;              ;
; PUSH            ;                    ; User Pin ; None             ; 0.000 ns      ; 0.000 ns     ; --       ; N/A                   ; N/A                 ; N/A    ;              ;
+-----------------+--------------------+----------+------------------+---------------+--------------+----------+-----------------------+---------------------+--------+--------------+


Parallel compilation was disabled, but you have multiple processors available. Enable parallel compilation to reduce compilation time.
+-------------------------------------+
; Parallel Compilation                ;
+----------------------------+--------+
; Processors                 ; Number ;
+----------------------------+--------+
; Number detected on machine ; 2      ;
; Maximum allowed            ; 1      ;
+----------------------------+--------+


+--------------------------------------------------------------------------------------------------------------------------------------------------------------------------------------------------------------------------------------------------------------------------------------------------------------------------------------------------------------------------------------------+
; Clock Setup: 'move_sp'                                                                                                                                                                                                                                                                                                                                                                     ;
+-------+------------------------------------------------+-----------------------------------------------------------------------------------------------------------+-----------------------------------------------------------------------------------------------------------+------------+----------+-----------------------------+---------------------------+-------------------------+
; Slack ; Actual fmax (period)                           ; From                                                                                                      ; To                                                                                                        ; From Clock ; To Clock ; Required Setup Relationship ; Required Longest P2P Time ; Actual Longest P2P Time ;
+-------+------------------------------------------------+-----------------------------------------------------------------------------------------------------------+-----------------------------------------------------------------------------------------------------------+------------+----------+-----------------------------+---------------------------+-------------------------+
; N/A   ; Restricted to 500.00 MHz ( period = 2.000 ns ) ; STACK:inst|STACK_POINTER_COUNTER:inst|lpm_counter:lpm_counter_component|cntr_afi:auto_generated|safe_q[0] ; STACK:inst|STACK_POINTER_COUNTER:inst|lpm_counter:lpm_counter_component|cntr_afi:auto_generated|safe_q[2] ; move_sp    ; move_sp  ; None                        ; None                      ; 0.715 ns                ;
; N/A   ; Restricted to 500.00 MHz ( period = 2.000 ns ) ; STACK:inst|STACK_POINTER_COUNTER:inst|lpm_counter:lpm_counter_component|cntr_afi:auto_generated|safe_q[1] ; STACK:inst|STACK_POINTER_COUNTER:inst|lpm_counter:lpm_counter_component|cntr_afi:auto_generated|safe_q[2] ; move_sp    ; move_sp  ; None                        ; None                      ; 0.680 ns                ;
; N/A   ; Restricted to 500.00 MHz ( period = 2.000 ns ) ; STACK:inst|STACK_POINTER_COUNTER:inst|lpm_counter:lpm_counter_component|cntr_afi:auto_generated|safe_q[0] ; STACK:inst|STACK_POINTER_COUNTER:inst|lpm_counter:lpm_counter_component|cntr_afi:auto_generated|safe_q[1] ; move_sp    ; move_sp  ; None                        ; None                      ; 0.680 ns                ;
; N/A   ; Restricted to 500.00 MHz ( period = 2.000 ns ) ; STACK:inst|STACK_POINTER_COUNTER:inst|lpm_counter:lpm_counter_component|cntr_afi:auto_generated|safe_q[2] ; STACK:inst|STACK_POINTER_COUNTER:inst|lpm_counter:lpm_counter_component|cntr_afi:auto_generated|safe_q[2] ; move_sp    ; move_sp  ; None                        ; None                      ; 0.609 ns                ;
; N/A   ; Restricted to 500.00 MHz ( period = 2.000 ns ) ; STACK:inst|STACK_POINTER_COUNTER:inst|lpm_counter:lpm_counter_component|cntr_afi:auto_generated|safe_q[1] ; STACK:inst|STACK_POINTER_COUNTER:inst|lpm_counter:lpm_counter_component|cntr_afi:auto_generated|safe_q[1] ; move_sp    ; move_sp  ; None                        ; None                      ; 0.609 ns                ;
; N/A   ; Restricted to 500.00 MHz ( period = 2.000 ns ) ; STACK:inst|STACK_POINTER_COUNTER:inst|lpm_counter:lpm_counter_component|cntr_afi:auto_generated|safe_q[0] ; STACK:inst|STACK_POINTER_COUNTER:inst|lpm_counter:lpm_counter_component|cntr_afi:auto_generated|safe_q[0] ; move_sp    ; move_sp  ; None                        ; None                      ; 0.609 ns                ;
+-------+------------------------------------------------+-----------------------------------------------------------------------------------------------------------+-----------------------------------------------------------------------------------------------------------+------------+----------+-----------------------------+---------------------------+-------------------------+


+------------------------------------------------------------------------------------------------------------------------------------------------------------------------+
; tsu                                                                                                                                                                    ;
+-------+--------------+------------+-------------+-----------------------------------------------------------------------------------------------------------+----------+
; Slack ; Required tsu ; Actual tsu ; From        ; To                                                                                                        ; To Clock ;
+-------+--------------+------------+-------------+-----------------------------------------------------------------------------------------------------------+----------+
; N/A   ; None         ; 3.220 ns   ; POP         ; STACK:inst|STACK_POINTER_COUNTER:inst|lpm_counter:lpm_counter_component|cntr_afi:auto_generated|safe_q[2] ; move_sp  ;
; N/A   ; None         ; 3.157 ns   ; POP         ; STACK:inst|STACK_POINTER_COUNTER:inst|lpm_counter:lpm_counter_component|cntr_afi:auto_generated|safe_q[1] ; move_sp  ;
; N/A   ; None         ; 3.145 ns   ; data_in[2]  ; STACK:inst|STACK_REGISTER:inst5|lpm_ff:lpm_ff_component|dffs[2]                                           ; PUSH     ;
; N/A   ; None         ; 3.143 ns   ; data_in[2]  ; STACK:inst|STACK_REGISTER:inst4|lpm_ff:lpm_ff_component|dffs[2]                                           ; PUSH     ;
; N/A   ; None         ; 3.142 ns   ; data_in[2]  ; STACK:inst|STACK_REGISTER:inst7|lpm_ff:lpm_ff_component|dffs[2]                                           ; PUSH     ;
; N/A   ; None         ; 2.988 ns   ; data_in[9]  ; STACK:inst|STACK_REGISTER:inst6|lpm_ff:lpm_ff_component|dffs[9]                                           ; PUSH     ;
; N/A   ; None         ; 2.985 ns   ; data_in[9]  ; STACK:inst|STACK_REGISTER:inst4|lpm_ff:lpm_ff_component|dffs[9]                                           ; PUSH     ;
; N/A   ; None         ; 2.984 ns   ; data_in[9]  ; STACK:inst|STACK_REGISTER:inst8|lpm_ff:lpm_ff_component|dffs[9]                                           ; PUSH     ;
; N/A   ; None         ; 2.971 ns   ; data_in[0]  ; STACK:inst|STACK_REGISTER:inst5|lpm_ff:lpm_ff_component|dffs[0]                                           ; PUSH     ;
; N/A   ; None         ; 2.969 ns   ; data_in[0]  ; STACK:inst|STACK_REGISTER:inst4|lpm_ff:lpm_ff_component|dffs[0]                                           ; PUSH     ;
; N/A   ; None         ; 2.962 ns   ; data_in[2]  ; STACK:inst|STACK_REGISTER:inst6|lpm_ff:lpm_ff_component|dffs[2]                                           ; PUSH     ;
; N/A   ; None         ; 2.961 ns   ; data_in[2]  ; STACK:inst|STACK_REGISTER:inst8|lpm_ff:lpm_ff_component|dffs[2]                                           ; PUSH     ;
; N/A   ; None         ; 2.955 ns   ; data_in[9]  ; STACK:inst|STACK_REGISTER:inst5|lpm_ff:lpm_ff_component|dffs[9]                                           ; PUSH     ;
; N/A   ; None         ; 2.946 ns   ; data_in[9]  ; STACK:inst|STACK_REGISTER:inst7|lpm_ff:lpm_ff_component|dffs[9]                                           ; PUSH     ;
; N/A   ; None         ; 2.940 ns   ; data_in[0]  ; STACK:inst|STACK_REGISTER:inst8|lpm_ff:lpm_ff_component|dffs[0]                                           ; PUSH     ;
; N/A   ; None         ; 2.939 ns   ; data_in[0]  ; STACK:inst|STACK_REGISTER:inst6|lpm_ff:lpm_ff_component|dffs[0]                                           ; PUSH     ;
; N/A   ; None         ; 2.774 ns   ; data_in[0]  ; STACK:inst|STACK_REGISTER:inst7|lpm_ff:lpm_ff_component|dffs[0]                                           ; PUSH     ;
; N/A   ; None         ; 2.703 ns   ; data_in[15] ; STACK:inst|STACK_REGISTER:inst5|lpm_ff:lpm_ff_component|dffs[15]                                          ; PUSH     ;
; N/A   ; None         ; 2.683 ns   ; data_in[13] ; STACK:inst|STACK_REGISTER:inst7|lpm_ff:lpm_ff_component|dffs[13]                                          ; PUSH     ;
; N/A   ; None         ; 2.682 ns   ; data_in[13] ; STACK:inst|STACK_REGISTER:inst5|lpm_ff:lpm_ff_component|dffs[13]                                          ; PUSH     ;
; N/A   ; None         ; 2.667 ns   ; data_in[15] ; STACK:inst|STACK_REGISTER:inst6|lpm_ff:lpm_ff_component|dffs[15]                                          ; PUSH     ;
; N/A   ; None         ; 2.581 ns   ; data_in[15] ; STACK:inst|STACK_REGISTER:inst7|lpm_ff:lpm_ff_component|dffs[15]                                          ; PUSH     ;
; N/A   ; None         ; 2.577 ns   ; data_in[15] ; STACK:inst|STACK_REGISTER:inst4|lpm_ff:lpm_ff_component|dffs[15]                                          ; PUSH     ;
; N/A   ; None         ; 2.506 ns   ; data_in[15] ; STACK:inst|STACK_REGISTER:inst8|lpm_ff:lpm_ff_component|dffs[15]                                          ; PUSH     ;
; N/A   ; None         ; 2.474 ns   ; data_in[13] ; STACK:inst|STACK_REGISTER:inst4|lpm_ff:lpm_ff_component|dffs[13]                                          ; PUSH     ;
; N/A   ; None         ; 2.471 ns   ; data_in[13] ; STACK:inst|STACK_REGISTER:inst8|lpm_ff:lpm_ff_component|dffs[13]                                          ; PUSH     ;
; N/A   ; None         ; 2.470 ns   ; data_in[13] ; STACK:inst|STACK_REGISTER:inst6|lpm_ff:lpm_ff_component|dffs[13]                                          ; PUSH     ;
; N/A   ; None         ; 2.377 ns   ; data_in[6]  ; STACK:inst|STACK_REGISTER:inst8|lpm_ff:lpm_ff_component|dffs[6]                                           ; PUSH     ;
; N/A   ; None         ; 2.375 ns   ; data_in[6]  ; STACK:inst|STACK_REGISTER:inst6|lpm_ff:lpm_ff_component|dffs[6]                                           ; PUSH     ;
; N/A   ; None         ; 2.372 ns   ; data_in[6]  ; STACK:inst|STACK_REGISTER:inst4|lpm_ff:lpm_ff_component|dffs[6]                                           ; PUSH     ;
; N/A   ; None         ; 2.367 ns   ; data_in[1]  ; STACK:inst|STACK_REGISTER:inst8|lpm_ff:lpm_ff_component|dffs[1]                                           ; PUSH     ;
; N/A   ; None         ; 2.366 ns   ; data_in[1]  ; STACK:inst|STACK_REGISTER:inst6|lpm_ff:lpm_ff_component|dffs[1]                                           ; PUSH     ;
; N/A   ; None         ; 2.364 ns   ; data_in[11] ; STACK:inst|STACK_REGISTER:inst5|lpm_ff:lpm_ff_component|dffs[11]                                          ; PUSH     ;
; N/A   ; None         ; 2.363 ns   ; data_in[11] ; STACK:inst|STACK_REGISTER:inst7|lpm_ff:lpm_ff_component|dffs[11]                                          ; PUSH     ;
; N/A   ; None         ; 2.362 ns   ; data_in[3]  ; STACK:inst|STACK_REGISTER:inst6|lpm_ff:lpm_ff_component|dffs[3]                                           ; PUSH     ;
; N/A   ; None         ; 2.360 ns   ; data_in[6]  ; STACK:inst|STACK_REGISTER:inst7|lpm_ff:lpm_ff_component|dffs[6]                                           ; PUSH     ;
; N/A   ; None         ; 2.359 ns   ; data_in[4]  ; STACK:inst|STACK_REGISTER:inst8|lpm_ff:lpm_ff_component|dffs[4]                                           ; PUSH     ;
; N/A   ; None         ; 2.359 ns   ; data_in[4]  ; STACK:inst|STACK_REGISTER:inst4|lpm_ff:lpm_ff_component|dffs[4]                                           ; PUSH     ;
; N/A   ; None         ; 2.359 ns   ; data_in[6]  ; STACK:inst|STACK_REGISTER:inst5|lpm_ff:lpm_ff_component|dffs[6]                                           ; PUSH     ;
; N/A   ; None         ; 2.358 ns   ; data_in[11] ; STACK:inst|STACK_REGISTER:inst8|lpm_ff:lpm_ff_component|dffs[11]                                          ; PUSH     ;
; N/A   ; None         ; 2.357 ns   ; data_in[1]  ; STACK:inst|STACK_REGISTER:inst5|lpm_ff:lpm_ff_component|dffs[1]                                           ; PUSH     ;
; N/A   ; None         ; 2.356 ns   ; data_in[3]  ; STACK:inst|STACK_REGISTER:inst8|lpm_ff:lpm_ff_component|dffs[3]                                           ; PUSH     ;
; N/A   ; None         ; 2.356 ns   ; data_in[11] ; STACK:inst|STACK_REGISTER:inst4|lpm_ff:lpm_ff_component|dffs[11]                                          ; PUSH     ;
; N/A   ; None         ; 2.355 ns   ; data_in[3]  ; STACK:inst|STACK_REGISTER:inst5|lpm_ff:lpm_ff_component|dffs[3]                                           ; PUSH     ;
; N/A   ; None         ; 2.353 ns   ; data_in[3]  ; STACK:inst|STACK_REGISTER:inst4|lpm_ff:lpm_ff_component|dffs[3]                                           ; PUSH     ;
; N/A   ; None         ; 2.353 ns   ; data_in[12] ; STACK:inst|STACK_REGISTER:inst5|lpm_ff:lpm_ff_component|dffs[12]                                          ; PUSH     ;
; N/A   ; None         ; 2.350 ns   ; data_in[4]  ; STACK:inst|STACK_REGISTER:inst6|lpm_ff:lpm_ff_component|dffs[4]                                           ; PUSH     ;
; N/A   ; None         ; 2.350 ns   ; data_in[12] ; STACK:inst|STACK_REGISTER:inst7|lpm_ff:lpm_ff_component|dffs[12]                                          ; PUSH     ;
; N/A   ; None         ; 2.349 ns   ; data_in[4]  ; STACK:inst|STACK_REGISTER:inst5|lpm_ff:lpm_ff_component|dffs[4]                                           ; PUSH     ;
; N/A   ; None         ; 2.346 ns   ; data_in[7]  ; STACK:inst|STACK_REGISTER:inst8|lpm_ff:lpm_ff_component|dffs[7]                                           ; PUSH     ;
; N/A   ; None         ; 2.346 ns   ; data_in[8]  ; STACK:inst|STACK_REGISTER:inst8|lpm_ff:lpm_ff_component|dffs[8]                                           ; PUSH     ;
; N/A   ; None         ; 2.345 ns   ; data_in[7]  ; STACK:inst|STACK_REGISTER:inst4|lpm_ff:lpm_ff_component|dffs[7]                                           ; PUSH     ;
; N/A   ; None         ; 2.343 ns   ; data_in[7]  ; STACK:inst|STACK_REGISTER:inst6|lpm_ff:lpm_ff_component|dffs[7]                                           ; PUSH     ;
; N/A   ; None         ; 2.342 ns   ; data_in[8]  ; STACK:inst|STACK_REGISTER:inst6|lpm_ff:lpm_ff_component|dffs[8]                                           ; PUSH     ;
; N/A   ; None         ; 2.342 ns   ; data_in[8]  ; STACK:inst|STACK_REGISTER:inst4|lpm_ff:lpm_ff_component|dffs[8]                                           ; PUSH     ;
; N/A   ; None         ; 2.341 ns   ; data_in[10] ; STACK:inst|STACK_REGISTER:inst7|lpm_ff:lpm_ff_component|dffs[10]                                          ; PUSH     ;
; N/A   ; None         ; 2.338 ns   ; data_in[10] ; STACK:inst|STACK_REGISTER:inst5|lpm_ff:lpm_ff_component|dffs[10]                                          ; PUSH     ;
; N/A   ; None         ; 2.330 ns   ; data_in[7]  ; STACK:inst|STACK_REGISTER:inst5|lpm_ff:lpm_ff_component|dffs[7]                                           ; PUSH     ;
; N/A   ; None         ; 2.328 ns   ; data_in[8]  ; STACK:inst|STACK_REGISTER:inst7|lpm_ff:lpm_ff_component|dffs[8]                                           ; PUSH     ;
; N/A   ; None         ; 2.326 ns   ; data_in[7]  ; STACK:inst|STACK_REGISTER:inst7|lpm_ff:lpm_ff_component|dffs[7]                                           ; PUSH     ;
; N/A   ; None         ; 2.326 ns   ; data_in[8]  ; STACK:inst|STACK_REGISTER:inst5|lpm_ff:lpm_ff_component|dffs[8]                                           ; PUSH     ;
; N/A   ; None         ; 2.326 ns   ; data_in[14] ; STACK:inst|STACK_REGISTER:inst8|lpm_ff:lpm_ff_component|dffs[14]                                          ; PUSH     ;
; N/A   ; None         ; 2.324 ns   ; data_in[14] ; STACK:inst|STACK_REGISTER:inst4|lpm_ff:lpm_ff_component|dffs[14]                                          ; PUSH     ;
; N/A   ; None         ; 2.315 ns   ; data_in[5]  ; STACK:inst|STACK_REGISTER:inst4|lpm_ff:lpm_ff_component|dffs[5]                                           ; PUSH     ;
; N/A   ; None         ; 2.314 ns   ; data_in[5]  ; STACK:inst|STACK_REGISTER:inst8|lpm_ff:lpm_ff_component|dffs[5]                                           ; PUSH     ;
; N/A   ; None         ; 2.197 ns   ; data_in[4]  ; STACK:inst|STACK_REGISTER:inst7|lpm_ff:lpm_ff_component|dffs[4]                                           ; PUSH     ;
; N/A   ; None         ; 2.196 ns   ; data_in[12] ; STACK:inst|STACK_REGISTER:inst8|lpm_ff:lpm_ff_component|dffs[12]                                          ; PUSH     ;
; N/A   ; None         ; 2.196 ns   ; data_in[12] ; STACK:inst|STACK_REGISTER:inst4|lpm_ff:lpm_ff_component|dffs[12]                                          ; PUSH     ;
; N/A   ; None         ; 2.195 ns   ; data_in[1]  ; STACK:inst|STACK_REGISTER:inst4|lpm_ff:lpm_ff_component|dffs[1]                                           ; PUSH     ;
; N/A   ; None         ; 2.194 ns   ; data_in[12] ; STACK:inst|STACK_REGISTER:inst6|lpm_ff:lpm_ff_component|dffs[12]                                          ; PUSH     ;
; N/A   ; None         ; 2.190 ns   ; data_in[1]  ; STACK:inst|STACK_REGISTER:inst7|lpm_ff:lpm_ff_component|dffs[1]                                           ; PUSH     ;
; N/A   ; None         ; 2.187 ns   ; data_in[11] ; STACK:inst|STACK_REGISTER:inst6|lpm_ff:lpm_ff_component|dffs[11]                                          ; PUSH     ;
; N/A   ; None         ; 2.180 ns   ; data_in[10] ; STACK:inst|STACK_REGISTER:inst6|lpm_ff:lpm_ff_component|dffs[10]                                          ; PUSH     ;
; N/A   ; None         ; 2.180 ns   ; data_in[10] ; STACK:inst|STACK_REGISTER:inst8|lpm_ff:lpm_ff_component|dffs[10]                                          ; PUSH     ;
; N/A   ; None         ; 2.179 ns   ; data_in[10] ; STACK:inst|STACK_REGISTER:inst4|lpm_ff:lpm_ff_component|dffs[10]                                          ; PUSH     ;
; N/A   ; None         ; 2.174 ns   ; data_in[3]  ; STACK:inst|STACK_REGISTER:inst7|lpm_ff:lpm_ff_component|dffs[3]                                           ; PUSH     ;
; N/A   ; None         ; 2.173 ns   ; data_in[14] ; STACK:inst|STACK_REGISTER:inst5|lpm_ff:lpm_ff_component|dffs[14]                                          ; PUSH     ;
; N/A   ; None         ; 2.170 ns   ; data_in[14] ; STACK:inst|STACK_REGISTER:inst6|lpm_ff:lpm_ff_component|dffs[14]                                          ; PUSH     ;
; N/A   ; None         ; 2.169 ns   ; data_in[14] ; STACK:inst|STACK_REGISTER:inst7|lpm_ff:lpm_ff_component|dffs[14]                                          ; PUSH     ;
; N/A   ; None         ; 2.166 ns   ; data_in[5]  ; STACK:inst|STACK_REGISTER:inst5|lpm_ff:lpm_ff_component|dffs[5]                                           ; PUSH     ;
; N/A   ; None         ; 2.163 ns   ; data_in[5]  ; STACK:inst|STACK_REGISTER:inst6|lpm_ff:lpm_ff_component|dffs[5]                                           ; PUSH     ;
; N/A   ; None         ; 2.162 ns   ; data_in[5]  ; STACK:inst|STACK_REGISTER:inst7|lpm_ff:lpm_ff_component|dffs[5]                                           ; PUSH     ;
+-------+--------------+------------+-------------+-----------------------------------------------------------------------------------------------------------+----------+


+---------------------------------------------------------------------------------------------------------------------------------------------------------------------------+
; tco                                                                                                                                                                       ;
+-------+--------------+------------+-----------------------------------------------------------------------------------------------------------+--------------+------------+
; Slack ; Required tco ; Actual tco ; From                                                                                                      ; To           ; From Clock ;
+-------+--------------+------------+-----------------------------------------------------------------------------------------------------------+--------------+------------+
; N/A   ; None         ; 7.575 ns   ; STACK:inst|STACK_POINTER_COUNTER:inst|lpm_counter:lpm_counter_component|cntr_afi:auto_generated|safe_q[2] ; data_out[1]  ; move_sp    ;
; N/A   ; None         ; 7.497 ns   ; STACK:inst|STACK_REGISTER:inst5|lpm_ff:lpm_ff_component|dffs[1]                                           ; data_out[1]  ; PUSH       ;
; N/A   ; None         ; 7.352 ns   ; STACK:inst|STACK_POINTER_COUNTER:inst|lpm_counter:lpm_counter_component|cntr_afi:auto_generated|safe_q[0] ; data_out[1]  ; move_sp    ;
; N/A   ; None         ; 7.291 ns   ; STACK:inst|STACK_POINTER_COUNTER:inst|lpm_counter:lpm_counter_component|cntr_afi:auto_generated|safe_q[1] ; data_out[1]  ; move_sp    ;
; N/A   ; None         ; 7.275 ns   ; STACK:inst|STACK_POINTER_COUNTER:inst|lpm_counter:lpm_counter_component|cntr_afi:auto_generated|safe_q[2] ; data_out[6]  ; move_sp    ;
; N/A   ; None         ; 7.275 ns   ; STACK:inst|STACK_POINTER_COUNTER:inst|lpm_counter:lpm_counter_component|cntr_afi:auto_generated|safe_q[2] ; data_out[9]  ; move_sp    ;
; N/A   ; None         ; 7.273 ns   ; STACK:inst|STACK_POINTER_COUNTER:inst|lpm_counter:lpm_counter_component|cntr_afi:auto_generated|safe_q[2] ; data_out[7]  ; move_sp    ;
; N/A   ; None         ; 7.264 ns   ; STACK:inst|STACK_POINTER_COUNTER:inst|lpm_counter:lpm_counter_component|cntr_afi:auto_generated|safe_q[2] ; data_out[0]  ; move_sp    ;
; N/A   ; None         ; 7.264 ns   ; STACK:inst|STACK_POINTER_COUNTER:inst|lpm_counter:lpm_counter_component|cntr_afi:auto_generated|safe_q[2] ; data_out[8]  ; move_sp    ;
; N/A   ; None         ; 7.241 ns   ; STACK:inst|STACK_POINTER_COUNTER:inst|lpm_counter:lpm_counter_component|cntr_afi:auto_generated|safe_q[1] ; data_out[14] ; move_sp    ;
; N/A   ; None         ; 7.209 ns   ; STACK:inst|STACK_POINTER_COUNTER:inst|lpm_counter:lpm_counter_component|cntr_afi:auto_generated|safe_q[2] ; data_out[2]  ; move_sp    ;
; N/A   ; None         ; 7.171 ns   ; STACK:inst|STACK_POINTER_COUNTER:inst|lpm_counter:lpm_counter_component|cntr_afi:auto_generated|safe_q[1] ; data_out[12] ; move_sp    ;
; N/A   ; None         ; 7.135 ns   ; STACK:inst|STACK_POINTER_COUNTER:inst|lpm_counter:lpm_counter_component|cntr_afi:auto_generated|safe_q[2] ; data_out[3]  ; move_sp    ;
; N/A   ; None         ; 7.131 ns   ; STACK:inst|STACK_REGISTER:inst4|lpm_ff:lpm_ff_component|dffs[1]                                           ; data_out[1]  ; PUSH       ;
; N/A   ; None         ; 7.122 ns   ; STACK:inst|STACK_POINTER_COUNTER:inst|lpm_counter:lpm_counter_component|cntr_afi:auto_generated|safe_q[1] ; data_out[13] ; move_sp    ;
; N/A   ; None         ; 7.108 ns   ; STACK:inst|STACK_REGISTER:inst4|lpm_ff:lpm_ff_component|dffs[6]                                           ; data_out[6]  ; PUSH       ;
; N/A   ; None         ; 7.097 ns   ; STACK:inst|STACK_POINTER_COUNTER:inst|lpm_counter:lpm_counter_component|cntr_afi:auto_generated|safe_q[1] ; data_out[0]  ; move_sp    ;
; N/A   ; None         ; 7.072 ns   ; STACK:inst|STACK_POINTER_COUNTER:inst|lpm_counter:lpm_counter_component|cntr_afi:auto_generated|safe_q[1] ; data_out[10] ; move_sp    ;
; N/A   ; None         ; 7.071 ns   ; STACK:inst|STACK_POINTER_COUNTER:inst|lpm_counter:lpm_counter_component|cntr_afi:auto_generated|safe_q[1] ; data_out[15] ; move_sp    ;
; N/A   ; None         ; 7.052 ns   ; STACK:inst|STACK_POINTER_COUNTER:inst|lpm_counter:lpm_counter_component|cntr_afi:auto_generated|safe_q[0] ; data_out[6]  ; move_sp    ;
; N/A   ; None         ; 7.052 ns   ; STACK:inst|STACK_POINTER_COUNTER:inst|lpm_counter:lpm_counter_component|cntr_afi:auto_generated|safe_q[0] ; data_out[9]  ; move_sp    ;
; N/A   ; None         ; 7.050 ns   ; STACK:inst|STACK_POINTER_COUNTER:inst|lpm_counter:lpm_counter_component|cntr_afi:auto_generated|safe_q[0] ; data_out[7]  ; move_sp    ;
; N/A   ; None         ; 7.041 ns   ; STACK:inst|STACK_POINTER_COUNTER:inst|lpm_counter:lpm_counter_component|cntr_afi:auto_generated|safe_q[0] ; data_out[0]  ; move_sp    ;
; N/A   ; None         ; 7.041 ns   ; STACK:inst|STACK_POINTER_COUNTER:inst|lpm_counter:lpm_counter_component|cntr_afi:auto_generated|safe_q[0] ; data_out[8]  ; move_sp    ;
; N/A   ; None         ; 7.033 ns   ; STACK:inst|STACK_POINTER_COUNTER:inst|lpm_counter:lpm_counter_component|cntr_afi:auto_generated|safe_q[1] ; data_out[3]  ; move_sp    ;
; N/A   ; None         ; 7.030 ns   ; STACK:inst|STACK_POINTER_COUNTER:inst|lpm_counter:lpm_counter_component|cntr_afi:auto_generated|safe_q[1] ; data_out[2]  ; move_sp    ;
; N/A   ; None         ; 6.997 ns   ; STACK:inst|STACK_POINTER_COUNTER:inst|lpm_counter:lpm_counter_component|cntr_afi:auto_generated|safe_q[0] ; data_out[13] ; move_sp    ;
; N/A   ; None         ; 6.986 ns   ; STACK:inst|STACK_POINTER_COUNTER:inst|lpm_counter:lpm_counter_component|cntr_afi:auto_generated|safe_q[0] ; data_out[2]  ; move_sp    ;
; N/A   ; None         ; 6.955 ns   ; STACK:inst|STACK_REGISTER:inst5|lpm_ff:lpm_ff_component|dffs[7]                                           ; data_out[7]  ; PUSH       ;
; N/A   ; None         ; 6.940 ns   ; STACK:inst|STACK_POINTER_COUNTER:inst|lpm_counter:lpm_counter_component|cntr_afi:auto_generated|safe_q[2] ; data_out[4]  ; move_sp    ;
; N/A   ; None         ; 6.930 ns   ; STACK:inst|STACK_POINTER_COUNTER:inst|lpm_counter:lpm_counter_component|cntr_afi:auto_generated|safe_q[1] ; data_out[11] ; move_sp    ;
; N/A   ; None         ; 6.928 ns   ; STACK:inst|STACK_REGISTER:inst4|lpm_ff:lpm_ff_component|dffs[7]                                           ; data_out[7]  ; PUSH       ;
; N/A   ; None         ; 6.916 ns   ; STACK:inst|STACK_POINTER_COUNTER:inst|lpm_counter:lpm_counter_component|cntr_afi:auto_generated|safe_q[0] ; data_out[12] ; move_sp    ;
; N/A   ; None         ; 6.907 ns   ; STACK:inst|STACK_REGISTER:inst7|lpm_ff:lpm_ff_component|dffs[15]                                          ; data_out[15] ; PUSH       ;
; N/A   ; None         ; 6.896 ns   ; STACK:inst|STACK_REGISTER:inst5|lpm_ff:lpm_ff_component|dffs[0]                                           ; data_out[0]  ; PUSH       ;
; N/A   ; None         ; 6.865 ns   ; STACK:inst|STACK_REGISTER:inst4|lpm_ff:lpm_ff_component|dffs[9]                                           ; data_out[9]  ; PUSH       ;
; N/A   ; None         ; 6.862 ns   ; STACK:inst|STACK_POINTER_COUNTER:inst|lpm_counter:lpm_counter_component|cntr_afi:auto_generated|safe_q[0] ; data_out[14] ; move_sp    ;
; N/A   ; None         ; 6.856 ns   ; STACK:inst|STACK_REGISTER:inst7|lpm_ff:lpm_ff_component|dffs[1]                                           ; data_out[1]  ; PUSH       ;
; N/A   ; None         ; 6.829 ns   ; STACK:inst|STACK_REGISTER:inst4|lpm_ff:lpm_ff_component|dffs[2]                                           ; data_out[2]  ; PUSH       ;
; N/A   ; None         ; 6.828 ns   ; STACK:inst|STACK_REGISTER:inst5|lpm_ff:lpm_ff_component|dffs[6]                                           ; data_out[6]  ; PUSH       ;
; N/A   ; None         ; 6.816 ns   ; STACK:inst|STACK_POINTER_COUNTER:inst|lpm_counter:lpm_counter_component|cntr_afi:auto_generated|safe_q[1] ; data_out[7]  ; move_sp    ;
; N/A   ; None         ; 6.804 ns   ; STACK:inst|STACK_POINTER_COUNTER:inst|lpm_counter:lpm_counter_component|cntr_afi:auto_generated|safe_q[1] ; data_out[6]  ; move_sp    ;
; N/A   ; None         ; 6.798 ns   ; STACK:inst|STACK_REGISTER:inst4|lpm_ff:lpm_ff_component|dffs[0]                                           ; data_out[0]  ; PUSH       ;
; N/A   ; None         ; 6.755 ns   ; STACK:inst|STACK_POINTER_COUNTER:inst|lpm_counter:lpm_counter_component|cntr_afi:auto_generated|safe_q[1] ; data_out[5]  ; move_sp    ;
; N/A   ; None         ; 6.750 ns   ; STACK:inst|STACK_REGISTER:inst5|lpm_ff:lpm_ff_component|dffs[12]                                          ; data_out[12] ; PUSH       ;
; N/A   ; None         ; 6.748 ns   ; STACK:inst|STACK_POINTER_COUNTER:inst|lpm_counter:lpm_counter_component|cntr_afi:auto_generated|safe_q[2] ; data_out[5]  ; move_sp    ;
; N/A   ; None         ; 6.731 ns   ; STACK:inst|STACK_REGISTER:inst5|lpm_ff:lpm_ff_component|dffs[2]                                           ; data_out[2]  ; PUSH       ;
; N/A   ; None         ; 6.730 ns   ; STACK:inst|STACK_POINTER_COUNTER:inst|lpm_counter:lpm_counter_component|cntr_afi:auto_generated|safe_q[0] ; data_out[15] ; move_sp    ;
; N/A   ; None         ; 6.721 ns   ; STACK:inst|STACK_REGISTER:inst5|lpm_ff:lpm_ff_component|dffs[9]                                           ; data_out[9]  ; PUSH       ;
; N/A   ; None         ; 6.718 ns   ; STACK:inst|STACK_POINTER_COUNTER:inst|lpm_counter:lpm_counter_component|cntr_afi:auto_generated|safe_q[0] ; data_out[10] ; move_sp    ;
; N/A   ; None         ; 6.718 ns   ; STACK:inst|STACK_POINTER_COUNTER:inst|lpm_counter:lpm_counter_component|cntr_afi:auto_generated|safe_q[2] ; data_out[12] ; move_sp    ;
; N/A   ; None         ; 6.717 ns   ; STACK:inst|STACK_POINTER_COUNTER:inst|lpm_counter:lpm_counter_component|cntr_afi:auto_generated|safe_q[0] ; data_out[4]  ; move_sp    ;
; N/A   ; None         ; 6.714 ns   ; STACK:inst|STACK_REGISTER:inst4|lpm_ff:lpm_ff_component|dffs[8]                                           ; data_out[8]  ; PUSH       ;
; N/A   ; None         ; 6.714 ns   ; STACK:inst|STACK_REGISTER:inst5|lpm_ff:lpm_ff_component|dffs[8]                                           ; data_out[8]  ; PUSH       ;
; N/A   ; None         ; 6.702 ns   ; STACK:inst|STACK_POINTER_COUNTER:inst|lpm_counter:lpm_counter_component|cntr_afi:auto_generated|safe_q[1] ; data_out[9]  ; move_sp    ;
; N/A   ; None         ; 6.697 ns   ; STACK:inst|STACK_POINTER_COUNTER:inst|lpm_counter:lpm_counter_component|cntr_afi:auto_generated|safe_q[1] ; data_out[4]  ; move_sp    ;
; N/A   ; None         ; 6.695 ns   ; STACK:inst|STACK_REGISTER:inst5|lpm_ff:lpm_ff_component|dffs[3]                                           ; data_out[3]  ; PUSH       ;
; N/A   ; None         ; 6.692 ns   ; STACK:inst|STACK_POINTER_COUNTER:inst|lpm_counter:lpm_counter_component|cntr_afi:auto_generated|safe_q[1] ; data_out[8]  ; move_sp    ;
; N/A   ; None         ; 6.678 ns   ; STACK:inst|STACK_REGISTER:inst5|lpm_ff:lpm_ff_component|dffs[14]                                          ; data_out[14] ; PUSH       ;
; N/A   ; None         ; 6.675 ns   ; STACK:inst|STACK_POINTER_COUNTER:inst|lpm_counter:lpm_counter_component|cntr_afi:auto_generated|safe_q[0] ; data_out[11] ; move_sp    ;
; N/A   ; None         ; 6.666 ns   ; STACK:inst|STACK_REGISTER:inst7|lpm_ff:lpm_ff_component|dffs[13]                                          ; data_out[13] ; PUSH       ;
; N/A   ; None         ; 6.653 ns   ; STACK:inst|STACK_POINTER_COUNTER:inst|lpm_counter:lpm_counter_component|cntr_afi:auto_generated|safe_q[0] ; data_out[3]  ; move_sp    ;
; N/A   ; None         ; 6.630 ns   ; STACK:inst|STACK_POINTER_COUNTER:inst|lpm_counter:lpm_counter_component|cntr_afi:auto_generated|safe_q[2] ; data_out[14] ; move_sp    ;
; N/A   ; None         ; 6.615 ns   ; STACK:inst|STACK_REGISTER:inst5|lpm_ff:lpm_ff_component|dffs[15]                                          ; data_out[15] ; PUSH       ;
; N/A   ; None         ; 6.584 ns   ; STACK:inst|STACK_REGISTER:inst5|lpm_ff:lpm_ff_component|dffs[13]                                          ; data_out[13] ; PUSH       ;
; N/A   ; None         ; 6.568 ns   ; STACK:inst|STACK_REGISTER:inst4|lpm_ff:lpm_ff_component|dffs[3]                                           ; data_out[3]  ; PUSH       ;
; N/A   ; None         ; 6.540 ns   ; STACK:inst|STACK_REGISTER:inst5|lpm_ff:lpm_ff_component|dffs[10]                                          ; data_out[10] ; PUSH       ;
; N/A   ; None         ; 6.525 ns   ; STACK:inst|STACK_REGISTER:inst7|lpm_ff:lpm_ff_component|dffs[0]                                           ; data_out[0]  ; PUSH       ;
; N/A   ; None         ; 6.525 ns   ; STACK:inst|STACK_POINTER_COUNTER:inst|lpm_counter:lpm_counter_component|cntr_afi:auto_generated|safe_q[0] ; data_out[5]  ; move_sp    ;
; N/A   ; None         ; 6.519 ns   ; STACK:inst|STACK_REGISTER:inst6|lpm_ff:lpm_ff_component|dffs[15]                                          ; data_out[15] ; PUSH       ;
; N/A   ; None         ; 6.511 ns   ; STACK:inst|STACK_REGISTER:inst8|lpm_ff:lpm_ff_component|dffs[15]                                          ; data_out[15] ; PUSH       ;
; N/A   ; None         ; 6.510 ns   ; STACK:inst|STACK_POINTER_COUNTER:inst|lpm_counter:lpm_counter_component|cntr_afi:auto_generated|safe_q[2] ; data_out[15] ; move_sp    ;
; N/A   ; None         ; 6.508 ns   ; STACK:inst|STACK_REGISTER:inst5|lpm_ff:lpm_ff_component|dffs[11]                                          ; data_out[11] ; PUSH       ;
; N/A   ; None         ; 6.507 ns   ; STACK:inst|STACK_REGISTER:inst4|lpm_ff:lpm_ff_component|dffs[14]                                          ; data_out[14] ; PUSH       ;
; N/A   ; None         ; 6.477 ns   ; STACK:inst|STACK_REGISTER:inst7|lpm_ff:lpm_ff_component|dffs[12]                                          ; data_out[12] ; PUSH       ;
; N/A   ; None         ; 6.467 ns   ; STACK:inst|STACK_REGISTER:inst7|lpm_ff:lpm_ff_component|dffs[7]                                           ; data_out[7]  ; PUSH       ;
; N/A   ; None         ; 6.459 ns   ; STACK:inst|STACK_REGISTER:inst7|lpm_ff:lpm_ff_component|dffs[2]                                           ; data_out[2]  ; PUSH       ;
; N/A   ; None         ; 6.458 ns   ; STACK:inst|STACK_REGISTER:inst7|lpm_ff:lpm_ff_component|dffs[6]                                           ; data_out[6]  ; PUSH       ;
; N/A   ; None         ; 6.445 ns   ; STACK:inst|STACK_POINTER_COUNTER:inst|lpm_counter:lpm_counter_component|cntr_afi:auto_generated|safe_q[2] ; data_out[13] ; move_sp    ;
; N/A   ; None         ; 6.414 ns   ; STACK:inst|STACK_REGISTER:inst8|lpm_ff:lpm_ff_component|dffs[1]                                           ; data_out[1]  ; PUSH       ;
; N/A   ; None         ; 6.413 ns   ; STACK:inst|STACK_POINTER_COUNTER:inst|lpm_counter:lpm_counter_component|cntr_afi:auto_generated|safe_q[2] ; data_out[10] ; move_sp    ;
; N/A   ; None         ; 6.406 ns   ; STACK:inst|STACK_REGISTER:inst7|lpm_ff:lpm_ff_component|dffs[14]                                          ; data_out[14] ; PUSH       ;
; N/A   ; None         ; 6.397 ns   ; STACK:inst|STACK_REGISTER:inst4|lpm_ff:lpm_ff_component|dffs[4]                                           ; data_out[4]  ; PUSH       ;
; N/A   ; None         ; 6.391 ns   ; STACK:inst|STACK_REGISTER:inst8|lpm_ff:lpm_ff_component|dffs[14]                                          ; data_out[14] ; PUSH       ;
; N/A   ; None         ; 6.352 ns   ; STACK:inst|STACK_REGISTER:inst7|lpm_ff:lpm_ff_component|dffs[9]                                           ; data_out[9]  ; PUSH       ;
; N/A   ; None         ; 6.345 ns   ; STACK:inst|STACK_POINTER_COUNTER:inst|lpm_counter:lpm_counter_component|cntr_afi:auto_generated|safe_q[2] ; data_out[11] ; move_sp    ;
; N/A   ; None         ; 6.344 ns   ; STACK:inst|STACK_REGISTER:inst7|lpm_ff:lpm_ff_component|dffs[8]                                           ; data_out[8]  ; PUSH       ;
; N/A   ; None         ; 6.338 ns   ; STACK:inst|STACK_REGISTER:inst4|lpm_ff:lpm_ff_component|dffs[5]                                           ; data_out[5]  ; PUSH       ;
; N/A   ; None         ; 6.275 ns   ; STACK:inst|STACK_REGISTER:inst7|lpm_ff:lpm_ff_component|dffs[10]                                          ; data_out[10] ; PUSH       ;
; N/A   ; None         ; 6.260 ns   ; STACK:inst|STACK_REGISTER:inst5|lpm_ff:lpm_ff_component|dffs[4]                                           ; data_out[4]  ; PUSH       ;
; N/A   ; None         ; 6.246 ns   ; STACK:inst|STACK_REGISTER:inst4|lpm_ff:lpm_ff_component|dffs[12]                                          ; data_out[12] ; PUSH       ;
; N/A   ; None         ; 6.235 ns   ; STACK:inst|STACK_REGISTER:inst7|lpm_ff:lpm_ff_component|dffs[11]                                          ; data_out[11] ; PUSH       ;
; N/A   ; None         ; 6.201 ns   ; STACK:inst|STACK_REGISTER:inst7|lpm_ff:lpm_ff_component|dffs[3]                                           ; data_out[3]  ; PUSH       ;
; N/A   ; None         ; 6.158 ns   ; STACK:inst|STACK_REGISTER:inst8|lpm_ff:lpm_ff_component|dffs[12]                                          ; data_out[12] ; PUSH       ;
; N/A   ; None         ; 6.116 ns   ; STACK:inst|STACK_REGISTER:inst8|lpm_ff:lpm_ff_component|dffs[9]                                           ; data_out[9]  ; PUSH       ;
; N/A   ; None         ; 6.100 ns   ; STACK:inst|STACK_REGISTER:inst8|lpm_ff:lpm_ff_component|dffs[8]                                           ; data_out[8]  ; PUSH       ;
; N/A   ; None         ; 6.095 ns   ; STACK:inst|STACK_REGISTER:inst5|lpm_ff:lpm_ff_component|dffs[5]                                           ; data_out[5]  ; PUSH       ;
; N/A   ; None         ; 6.058 ns   ; STACK:inst|STACK_REGISTER:inst8|lpm_ff:lpm_ff_component|dffs[4]                                           ; data_out[4]  ; PUSH       ;
; N/A   ; None         ; 6.058 ns   ; STACK:inst|STACK_REGISTER:inst8|lpm_ff:lpm_ff_component|dffs[5]                                           ; data_out[5]  ; PUSH       ;
; N/A   ; None         ; 6.051 ns   ; STACK:inst|STACK_REGISTER:inst8|lpm_ff:lpm_ff_component|dffs[2]                                           ; data_out[2]  ; PUSH       ;
; N/A   ; None         ; 6.043 ns   ; STACK:inst|STACK_REGISTER:inst6|lpm_ff:lpm_ff_component|dffs[1]                                           ; data_out[1]  ; PUSH       ;
; N/A   ; None         ; 6.033 ns   ; STACK:inst|STACK_REGISTER:inst8|lpm_ff:lpm_ff_component|dffs[11]                                          ; data_out[11] ; PUSH       ;
; N/A   ; None         ; 6.027 ns   ; STACK:inst|STACK_REGISTER:inst8|lpm_ff:lpm_ff_component|dffs[6]                                           ; data_out[6]  ; PUSH       ;
; N/A   ; None         ; 6.019 ns   ; STACK:inst|STACK_REGISTER:inst8|lpm_ff:lpm_ff_component|dffs[7]                                           ; data_out[7]  ; PUSH       ;
; N/A   ; None         ; 5.998 ns   ; STACK:inst|STACK_REGISTER:inst4|lpm_ff:lpm_ff_component|dffs[11]                                          ; data_out[11] ; PUSH       ;
; N/A   ; None         ; 5.989 ns   ; STACK:inst|STACK_REGISTER:inst8|lpm_ff:lpm_ff_component|dffs[0]                                           ; data_out[0]  ; PUSH       ;
; N/A   ; None         ; 5.917 ns   ; STACK:inst|STACK_REGISTER:inst4|lpm_ff:lpm_ff_component|dffs[15]                                          ; data_out[15] ; PUSH       ;
; N/A   ; None         ; 5.901 ns   ; STACK:inst|STACK_REGISTER:inst6|lpm_ff:lpm_ff_component|dffs[14]                                          ; data_out[14] ; PUSH       ;
; N/A   ; None         ; 5.880 ns   ; STACK:inst|STACK_REGISTER:inst6|lpm_ff:lpm_ff_component|dffs[12]                                          ; data_out[12] ; PUSH       ;
; N/A   ; None         ; 5.876 ns   ; STACK:inst|STACK_REGISTER:inst4|lpm_ff:lpm_ff_component|dffs[13]                                          ; data_out[13] ; PUSH       ;
; N/A   ; None         ; 5.865 ns   ; STACK:inst|STACK_REGISTER:inst8|lpm_ff:lpm_ff_component|dffs[13]                                          ; data_out[13] ; PUSH       ;
; N/A   ; None         ; 5.852 ns   ; STACK:inst|STACK_REGISTER:inst7|lpm_ff:lpm_ff_component|dffs[4]                                           ; data_out[4]  ; PUSH       ;
; N/A   ; None         ; 5.845 ns   ; STACK:inst|STACK_REGISTER:inst8|lpm_ff:lpm_ff_component|dffs[10]                                          ; data_out[10] ; PUSH       ;
; N/A   ; None         ; 5.840 ns   ; STACK:inst|STACK_REGISTER:inst4|lpm_ff:lpm_ff_component|dffs[10]                                          ; data_out[10] ; PUSH       ;
; N/A   ; None         ; 5.829 ns   ; STACK:inst|STACK_REGISTER:inst7|lpm_ff:lpm_ff_component|dffs[5]                                           ; data_out[5]  ; PUSH       ;
; N/A   ; None         ; 5.752 ns   ; STACK:inst|STACK_REGISTER:inst6|lpm_ff:lpm_ff_component|dffs[6]                                           ; data_out[6]  ; PUSH       ;
; N/A   ; None         ; 5.746 ns   ; STACK:inst|STACK_REGISTER:inst6|lpm_ff:lpm_ff_component|dffs[7]                                           ; data_out[7]  ; PUSH       ;
; N/A   ; None         ; 5.743 ns   ; STACK:inst|STACK_REGISTER:inst6|lpm_ff:lpm_ff_component|dffs[9]                                           ; data_out[9]  ; PUSH       ;
; N/A   ; None         ; 5.737 ns   ; STACK:inst|STACK_REGISTER:inst6|lpm_ff:lpm_ff_component|dffs[8]                                           ; data_out[8]  ; PUSH       ;
; N/A   ; None         ; 5.693 ns   ; STACK:inst|STACK_REGISTER:inst6|lpm_ff:lpm_ff_component|dffs[4]                                           ; data_out[4]  ; PUSH       ;
; N/A   ; None         ; 5.680 ns   ; STACK:inst|STACK_REGISTER:inst6|lpm_ff:lpm_ff_component|dffs[2]                                           ; data_out[2]  ; PUSH       ;
; N/A   ; None         ; 5.678 ns   ; STACK:inst|STACK_REGISTER:inst8|lpm_ff:lpm_ff_component|dffs[3]                                           ; data_out[3]  ; PUSH       ;
; N/A   ; None         ; 5.661 ns   ; STACK:inst|STACK_REGISTER:inst6|lpm_ff:lpm_ff_component|dffs[3]                                           ; data_out[3]  ; PUSH       ;
; N/A   ; None         ; 5.658 ns   ; STACK:inst|STACK_REGISTER:inst6|lpm_ff:lpm_ff_component|dffs[5]                                           ; data_out[5]  ; PUSH       ;
; N/A   ; None         ; 5.629 ns   ; STACK:inst|STACK_REGISTER:inst6|lpm_ff:lpm_ff_component|dffs[11]                                          ; data_out[11] ; PUSH       ;
; N/A   ; None         ; 5.596 ns   ; STACK:inst|STACK_REGISTER:inst6|lpm_ff:lpm_ff_component|dffs[13]                                          ; data_out[13] ; PUSH       ;
; N/A   ; None         ; 5.591 ns   ; STACK:inst|STACK_REGISTER:inst6|lpm_ff:lpm_ff_component|dffs[0]                                           ; data_out[0]  ; PUSH       ;
; N/A   ; None         ; 5.565 ns   ; STACK:inst|STACK_REGISTER:inst6|lpm_ff:lpm_ff_component|dffs[10]                                          ; data_out[10] ; PUSH       ;
; N/A   ; None         ; 5.557 ns   ; STACK:inst|STACK_POINTER_COUNTER:inst|lpm_counter:lpm_counter_component|cntr_afi:auto_generated|safe_q[1] ; SP[1]        ; move_sp    ;
; N/A   ; None         ; 5.516 ns   ; STACK:inst|STACK_POINTER_COUNTER:inst|lpm_counter:lpm_counter_component|cntr_afi:auto_generated|safe_q[2] ; SP[2]        ; move_sp    ;
; N/A   ; None         ; 5.497 ns   ; STACK:inst|STACK_POINTER_COUNTER:inst|lpm_counter:lpm_counter_component|cntr_afi:auto_generated|safe_q[0] ; SP[0]        ; move_sp    ;
+-------+--------------+------------+-----------------------------------------------------------------------------------------------------------+--------------+------------+


+-------------------------------------------------------------------+
; tpd                                                               ;
+-------+-------------------+-----------------+------+--------------+
; Slack ; Required P2P Time ; Actual P2P Time ; From ; To           ;
+-------+-------------------+-----------------+------+--------------+
; N/A   ; None              ; 6.674 ns        ; POP  ; data_out[8]  ;
; N/A   ; None              ; 6.674 ns        ; POP  ; data_out[9]  ;
; N/A   ; None              ; 6.664 ns        ; POP  ; data_out[6]  ;
; N/A   ; None              ; 6.664 ns        ; POP  ; data_out[7]  ;
; N/A   ; None              ; 6.662 ns        ; POP  ; data_out[3]  ;
; N/A   ; None              ; 6.662 ns        ; POP  ; data_out[4]  ;
; N/A   ; None              ; 6.655 ns        ; POP  ; data_out[0]  ;
; N/A   ; None              ; 6.655 ns        ; POP  ; data_out[11] ;
; N/A   ; None              ; 6.632 ns        ; POP  ; data_out[2]  ;
; N/A   ; None              ; 6.632 ns        ; POP  ; data_out[5]  ;
; N/A   ; None              ; 6.625 ns        ; POP  ; data_out[10] ;
; N/A   ; None              ; 6.625 ns        ; POP  ; data_out[13] ;
; N/A   ; None              ; 6.588 ns        ; POP  ; data_out[14] ;
; N/A   ; None              ; 6.536 ns        ; POP  ; data_out[1]  ;
; N/A   ; None              ; 6.526 ns        ; POP  ; data_out[12] ;
; N/A   ; None              ; 6.526 ns        ; POP  ; data_out[15] ;
+-------+-------------------+-----------------+------+--------------+


+------------------------------------------------------------------------------------------------------------------------------------------------------------------------------+
; th                                                                                                                                                                           ;
+---------------+-------------+-----------+-------------+-----------------------------------------------------------------------------------------------------------+----------+
; Minimum Slack ; Required th ; Actual th ; From        ; To                                                                                                        ; To Clock ;
+---------------+-------------+-----------+-------------+-----------------------------------------------------------------------------------------------------------+----------+
; N/A           ; None        ; -1.923 ns ; data_in[5]  ; STACK:inst|STACK_REGISTER:inst7|lpm_ff:lpm_ff_component|dffs[5]                                           ; PUSH     ;
; N/A           ; None        ; -1.924 ns ; data_in[5]  ; STACK:inst|STACK_REGISTER:inst6|lpm_ff:lpm_ff_component|dffs[5]                                           ; PUSH     ;
; N/A           ; None        ; -1.927 ns ; data_in[5]  ; STACK:inst|STACK_REGISTER:inst5|lpm_ff:lpm_ff_component|dffs[5]                                           ; PUSH     ;
; N/A           ; None        ; -1.930 ns ; data_in[14] ; STACK:inst|STACK_REGISTER:inst7|lpm_ff:lpm_ff_component|dffs[14]                                          ; PUSH     ;
; N/A           ; None        ; -1.931 ns ; data_in[14] ; STACK:inst|STACK_REGISTER:inst6|lpm_ff:lpm_ff_component|dffs[14]                                          ; PUSH     ;
; N/A           ; None        ; -1.934 ns ; data_in[14] ; STACK:inst|STACK_REGISTER:inst5|lpm_ff:lpm_ff_component|dffs[14]                                          ; PUSH     ;
; N/A           ; None        ; -1.935 ns ; data_in[3]  ; STACK:inst|STACK_REGISTER:inst7|lpm_ff:lpm_ff_component|dffs[3]                                           ; PUSH     ;
; N/A           ; None        ; -1.940 ns ; data_in[10] ; STACK:inst|STACK_REGISTER:inst4|lpm_ff:lpm_ff_component|dffs[10]                                          ; PUSH     ;
; N/A           ; None        ; -1.941 ns ; data_in[10] ; STACK:inst|STACK_REGISTER:inst6|lpm_ff:lpm_ff_component|dffs[10]                                          ; PUSH     ;
; N/A           ; None        ; -1.941 ns ; data_in[10] ; STACK:inst|STACK_REGISTER:inst8|lpm_ff:lpm_ff_component|dffs[10]                                          ; PUSH     ;
; N/A           ; None        ; -1.948 ns ; data_in[11] ; STACK:inst|STACK_REGISTER:inst6|lpm_ff:lpm_ff_component|dffs[11]                                          ; PUSH     ;
; N/A           ; None        ; -1.951 ns ; data_in[1]  ; STACK:inst|STACK_REGISTER:inst7|lpm_ff:lpm_ff_component|dffs[1]                                           ; PUSH     ;
; N/A           ; None        ; -1.955 ns ; data_in[12] ; STACK:inst|STACK_REGISTER:inst6|lpm_ff:lpm_ff_component|dffs[12]                                          ; PUSH     ;
; N/A           ; None        ; -1.956 ns ; data_in[1]  ; STACK:inst|STACK_REGISTER:inst4|lpm_ff:lpm_ff_component|dffs[1]                                           ; PUSH     ;
; N/A           ; None        ; -1.957 ns ; data_in[12] ; STACK:inst|STACK_REGISTER:inst8|lpm_ff:lpm_ff_component|dffs[12]                                          ; PUSH     ;
; N/A           ; None        ; -1.957 ns ; data_in[12] ; STACK:inst|STACK_REGISTER:inst4|lpm_ff:lpm_ff_component|dffs[12]                                          ; PUSH     ;
; N/A           ; None        ; -1.958 ns ; data_in[4]  ; STACK:inst|STACK_REGISTER:inst7|lpm_ff:lpm_ff_component|dffs[4]                                           ; PUSH     ;
; N/A           ; None        ; -2.075 ns ; data_in[5]  ; STACK:inst|STACK_REGISTER:inst8|lpm_ff:lpm_ff_component|dffs[5]                                           ; PUSH     ;
; N/A           ; None        ; -2.076 ns ; data_in[5]  ; STACK:inst|STACK_REGISTER:inst4|lpm_ff:lpm_ff_component|dffs[5]                                           ; PUSH     ;
; N/A           ; None        ; -2.085 ns ; data_in[14] ; STACK:inst|STACK_REGISTER:inst4|lpm_ff:lpm_ff_component|dffs[14]                                          ; PUSH     ;
; N/A           ; None        ; -2.087 ns ; data_in[7]  ; STACK:inst|STACK_REGISTER:inst7|lpm_ff:lpm_ff_component|dffs[7]                                           ; PUSH     ;
; N/A           ; None        ; -2.087 ns ; data_in[8]  ; STACK:inst|STACK_REGISTER:inst5|lpm_ff:lpm_ff_component|dffs[8]                                           ; PUSH     ;
; N/A           ; None        ; -2.087 ns ; data_in[14] ; STACK:inst|STACK_REGISTER:inst8|lpm_ff:lpm_ff_component|dffs[14]                                          ; PUSH     ;
; N/A           ; None        ; -2.089 ns ; data_in[8]  ; STACK:inst|STACK_REGISTER:inst7|lpm_ff:lpm_ff_component|dffs[8]                                           ; PUSH     ;
; N/A           ; None        ; -2.091 ns ; data_in[7]  ; STACK:inst|STACK_REGISTER:inst5|lpm_ff:lpm_ff_component|dffs[7]                                           ; PUSH     ;
; N/A           ; None        ; -2.099 ns ; data_in[10] ; STACK:inst|STACK_REGISTER:inst5|lpm_ff:lpm_ff_component|dffs[10]                                          ; PUSH     ;
; N/A           ; None        ; -2.102 ns ; data_in[10] ; STACK:inst|STACK_REGISTER:inst7|lpm_ff:lpm_ff_component|dffs[10]                                          ; PUSH     ;
; N/A           ; None        ; -2.103 ns ; data_in[8]  ; STACK:inst|STACK_REGISTER:inst6|lpm_ff:lpm_ff_component|dffs[8]                                           ; PUSH     ;
; N/A           ; None        ; -2.103 ns ; data_in[8]  ; STACK:inst|STACK_REGISTER:inst4|lpm_ff:lpm_ff_component|dffs[8]                                           ; PUSH     ;
; N/A           ; None        ; -2.104 ns ; data_in[7]  ; STACK:inst|STACK_REGISTER:inst6|lpm_ff:lpm_ff_component|dffs[7]                                           ; PUSH     ;
; N/A           ; None        ; -2.106 ns ; data_in[7]  ; STACK:inst|STACK_REGISTER:inst4|lpm_ff:lpm_ff_component|dffs[7]                                           ; PUSH     ;
; N/A           ; None        ; -2.107 ns ; data_in[7]  ; STACK:inst|STACK_REGISTER:inst8|lpm_ff:lpm_ff_component|dffs[7]                                           ; PUSH     ;
; N/A           ; None        ; -2.107 ns ; data_in[8]  ; STACK:inst|STACK_REGISTER:inst8|lpm_ff:lpm_ff_component|dffs[8]                                           ; PUSH     ;
; N/A           ; None        ; -2.110 ns ; data_in[4]  ; STACK:inst|STACK_REGISTER:inst5|lpm_ff:lpm_ff_component|dffs[4]                                           ; PUSH     ;
; N/A           ; None        ; -2.111 ns ; data_in[4]  ; STACK:inst|STACK_REGISTER:inst6|lpm_ff:lpm_ff_component|dffs[4]                                           ; PUSH     ;
; N/A           ; None        ; -2.111 ns ; data_in[12] ; STACK:inst|STACK_REGISTER:inst7|lpm_ff:lpm_ff_component|dffs[12]                                          ; PUSH     ;
; N/A           ; None        ; -2.114 ns ; data_in[3]  ; STACK:inst|STACK_REGISTER:inst4|lpm_ff:lpm_ff_component|dffs[3]                                           ; PUSH     ;
; N/A           ; None        ; -2.114 ns ; data_in[12] ; STACK:inst|STACK_REGISTER:inst5|lpm_ff:lpm_ff_component|dffs[12]                                          ; PUSH     ;
; N/A           ; None        ; -2.116 ns ; data_in[3]  ; STACK:inst|STACK_REGISTER:inst5|lpm_ff:lpm_ff_component|dffs[3]                                           ; PUSH     ;
; N/A           ; None        ; -2.117 ns ; data_in[3]  ; STACK:inst|STACK_REGISTER:inst8|lpm_ff:lpm_ff_component|dffs[3]                                           ; PUSH     ;
; N/A           ; None        ; -2.117 ns ; data_in[11] ; STACK:inst|STACK_REGISTER:inst4|lpm_ff:lpm_ff_component|dffs[11]                                          ; PUSH     ;
; N/A           ; None        ; -2.118 ns ; data_in[1]  ; STACK:inst|STACK_REGISTER:inst5|lpm_ff:lpm_ff_component|dffs[1]                                           ; PUSH     ;
; N/A           ; None        ; -2.119 ns ; data_in[11] ; STACK:inst|STACK_REGISTER:inst8|lpm_ff:lpm_ff_component|dffs[11]                                          ; PUSH     ;
; N/A           ; None        ; -2.120 ns ; data_in[4]  ; STACK:inst|STACK_REGISTER:inst8|lpm_ff:lpm_ff_component|dffs[4]                                           ; PUSH     ;
; N/A           ; None        ; -2.120 ns ; data_in[4]  ; STACK:inst|STACK_REGISTER:inst4|lpm_ff:lpm_ff_component|dffs[4]                                           ; PUSH     ;
; N/A           ; None        ; -2.120 ns ; data_in[6]  ; STACK:inst|STACK_REGISTER:inst5|lpm_ff:lpm_ff_component|dffs[6]                                           ; PUSH     ;
; N/A           ; None        ; -2.121 ns ; data_in[6]  ; STACK:inst|STACK_REGISTER:inst7|lpm_ff:lpm_ff_component|dffs[6]                                           ; PUSH     ;
; N/A           ; None        ; -2.123 ns ; data_in[3]  ; STACK:inst|STACK_REGISTER:inst6|lpm_ff:lpm_ff_component|dffs[3]                                           ; PUSH     ;
; N/A           ; None        ; -2.124 ns ; data_in[11] ; STACK:inst|STACK_REGISTER:inst7|lpm_ff:lpm_ff_component|dffs[11]                                          ; PUSH     ;
; N/A           ; None        ; -2.125 ns ; data_in[11] ; STACK:inst|STACK_REGISTER:inst5|lpm_ff:lpm_ff_component|dffs[11]                                          ; PUSH     ;
; N/A           ; None        ; -2.127 ns ; data_in[1]  ; STACK:inst|STACK_REGISTER:inst6|lpm_ff:lpm_ff_component|dffs[1]                                           ; PUSH     ;
; N/A           ; None        ; -2.128 ns ; data_in[1]  ; STACK:inst|STACK_REGISTER:inst8|lpm_ff:lpm_ff_component|dffs[1]                                           ; PUSH     ;
; N/A           ; None        ; -2.133 ns ; data_in[6]  ; STACK:inst|STACK_REGISTER:inst4|lpm_ff:lpm_ff_component|dffs[6]                                           ; PUSH     ;
; N/A           ; None        ; -2.136 ns ; data_in[6]  ; STACK:inst|STACK_REGISTER:inst6|lpm_ff:lpm_ff_component|dffs[6]                                           ; PUSH     ;
; N/A           ; None        ; -2.138 ns ; data_in[6]  ; STACK:inst|STACK_REGISTER:inst8|lpm_ff:lpm_ff_component|dffs[6]                                           ; PUSH     ;
; N/A           ; None        ; -2.231 ns ; data_in[13] ; STACK:inst|STACK_REGISTER:inst6|lpm_ff:lpm_ff_component|dffs[13]                                          ; PUSH     ;
; N/A           ; None        ; -2.232 ns ; data_in[13] ; STACK:inst|STACK_REGISTER:inst8|lpm_ff:lpm_ff_component|dffs[13]                                          ; PUSH     ;
; N/A           ; None        ; -2.235 ns ; data_in[13] ; STACK:inst|STACK_REGISTER:inst4|lpm_ff:lpm_ff_component|dffs[13]                                          ; PUSH     ;
; N/A           ; None        ; -2.267 ns ; data_in[15] ; STACK:inst|STACK_REGISTER:inst8|lpm_ff:lpm_ff_component|dffs[15]                                          ; PUSH     ;
; N/A           ; None        ; -2.338 ns ; data_in[15] ; STACK:inst|STACK_REGISTER:inst4|lpm_ff:lpm_ff_component|dffs[15]                                          ; PUSH     ;
; N/A           ; None        ; -2.342 ns ; data_in[15] ; STACK:inst|STACK_REGISTER:inst7|lpm_ff:lpm_ff_component|dffs[15]                                          ; PUSH     ;
; N/A           ; None        ; -2.428 ns ; data_in[15] ; STACK:inst|STACK_REGISTER:inst6|lpm_ff:lpm_ff_component|dffs[15]                                          ; PUSH     ;
; N/A           ; None        ; -2.443 ns ; data_in[13] ; STACK:inst|STACK_REGISTER:inst5|lpm_ff:lpm_ff_component|dffs[13]                                          ; PUSH     ;
; N/A           ; None        ; -2.444 ns ; data_in[13] ; STACK:inst|STACK_REGISTER:inst7|lpm_ff:lpm_ff_component|dffs[13]                                          ; PUSH     ;
; N/A           ; None        ; -2.464 ns ; data_in[15] ; STACK:inst|STACK_REGISTER:inst5|lpm_ff:lpm_ff_component|dffs[15]                                          ; PUSH     ;
; N/A           ; None        ; -2.535 ns ; data_in[0]  ; STACK:inst|STACK_REGISTER:inst7|lpm_ff:lpm_ff_component|dffs[0]                                           ; PUSH     ;
; N/A           ; None        ; -2.700 ns ; data_in[0]  ; STACK:inst|STACK_REGISTER:inst6|lpm_ff:lpm_ff_component|dffs[0]                                           ; PUSH     ;
; N/A           ; None        ; -2.701 ns ; data_in[0]  ; STACK:inst|STACK_REGISTER:inst8|lpm_ff:lpm_ff_component|dffs[0]                                           ; PUSH     ;
; N/A           ; None        ; -2.707 ns ; data_in[9]  ; STACK:inst|STACK_REGISTER:inst7|lpm_ff:lpm_ff_component|dffs[9]                                           ; PUSH     ;
; N/A           ; None        ; -2.716 ns ; data_in[9]  ; STACK:inst|STACK_REGISTER:inst5|lpm_ff:lpm_ff_component|dffs[9]                                           ; PUSH     ;
; N/A           ; None        ; -2.722 ns ; data_in[2]  ; STACK:inst|STACK_REGISTER:inst8|lpm_ff:lpm_ff_component|dffs[2]                                           ; PUSH     ;
; N/A           ; None        ; -2.723 ns ; data_in[2]  ; STACK:inst|STACK_REGISTER:inst6|lpm_ff:lpm_ff_component|dffs[2]                                           ; PUSH     ;
; N/A           ; None        ; -2.730 ns ; data_in[0]  ; STACK:inst|STACK_REGISTER:inst4|lpm_ff:lpm_ff_component|dffs[0]                                           ; PUSH     ;
; N/A           ; None        ; -2.732 ns ; data_in[0]  ; STACK:inst|STACK_REGISTER:inst5|lpm_ff:lpm_ff_component|dffs[0]                                           ; PUSH     ;
; N/A           ; None        ; -2.745 ns ; data_in[9]  ; STACK:inst|STACK_REGISTER:inst8|lpm_ff:lpm_ff_component|dffs[9]                                           ; PUSH     ;
; N/A           ; None        ; -2.746 ns ; data_in[9]  ; STACK:inst|STACK_REGISTER:inst4|lpm_ff:lpm_ff_component|dffs[9]                                           ; PUSH     ;
; N/A           ; None        ; -2.749 ns ; data_in[9]  ; STACK:inst|STACK_REGISTER:inst6|lpm_ff:lpm_ff_component|dffs[9]                                           ; PUSH     ;
; N/A           ; None        ; -2.903 ns ; data_in[2]  ; STACK:inst|STACK_REGISTER:inst7|lpm_ff:lpm_ff_component|dffs[2]                                           ; PUSH     ;
; N/A           ; None        ; -2.904 ns ; data_in[2]  ; STACK:inst|STACK_REGISTER:inst4|lpm_ff:lpm_ff_component|dffs[2]                                           ; PUSH     ;
; N/A           ; None        ; -2.906 ns ; data_in[2]  ; STACK:inst|STACK_REGISTER:inst5|lpm_ff:lpm_ff_component|dffs[2]                                           ; PUSH     ;
; N/A           ; None        ; -2.918 ns ; POP         ; STACK:inst|STACK_POINTER_COUNTER:inst|lpm_counter:lpm_counter_component|cntr_afi:auto_generated|safe_q[1] ; move_sp  ;
; N/A           ; None        ; -2.921 ns ; POP         ; STACK:inst|STACK_POINTER_COUNTER:inst|lpm_counter:lpm_counter_component|cntr_afi:auto_generated|safe_q[2] ; move_sp  ;
+---------------+-------------+-----------+-------------+-----------------------------------------------------------------------------------------------------------+----------+


+--------------------------+
; Timing Analyzer Messages ;
+--------------------------+
Info: *******************************************************************
Info: Running Quartus II Classic Timing Analyzer
    Info: Version 9.1 Build 222 10/21/2009 SJ Web Edition
    Info: Processing started: Wed May 16 18:13:15 2018
Info: Command: quartus_tan --read_settings_files=off --write_settings_files=off CPU -c CPU_WITH_MEMORY --timing_analysis_only
Warning: Found pins functioning as undefined clocks and/or memory enables
    Info: Assuming node "move_sp" is an undefined clock
    Info: Assuming node "PUSH" is an undefined clock
Info: Clock "move_sp" Internal fmax is restricted to 500.0 MHz between source register "STACK:inst|STACK_POINTER_COUNTER:inst|lpm_counter:lpm_counter_component|cntr_afi:auto_generated|safe_q[0]" and destination register "STACK:inst|STACK_POINTER_COUNTER:inst|lpm_counter:lpm_counter_component|cntr_afi:auto_generated|safe_q[2]"
    Info: fmax restricted to clock pin edge rate 2.0 ns. Expand message to see actual delay path.
        Info: + Longest register to register delay is 0.715 ns
            Info: 1: + IC(0.000 ns) + CELL(0.000 ns) = 0.000 ns; Loc. = LCFF_X38_Y19_N17; Fanout = 33; REG Node = 'STACK:inst|STACK_POINTER_COUNTER:inst|lpm_counter:lpm_counter_component|cntr_afi:auto_generated|safe_q[0]'
            Info: 2: + IC(0.000 ns) + CELL(0.458 ns) = 0.458 ns; Loc. = LCCOMB_X38_Y19_N16; Fanout = 2; COMB Node = 'STACK:inst|STACK_POINTER_COUNTER:inst|lpm_counter:lpm_counter_component|cntr_afi:auto_generated|counter_comb_bita0~COUT'
            Info: 3: + IC(0.000 ns) + CELL(0.035 ns) = 0.493 ns; Loc. = LCCOMB_X38_Y19_N18; Fanout = 1; COMB Node = 'STACK:inst|STACK_POINTER_COUNTER:inst|lpm_counter:lpm_counter_component|cntr_afi:auto_generated|counter_comb_bita1~COUT'
            Info: 4: + IC(0.000 ns) + CELL(0.125 ns) = 0.618 ns; Loc. = LCCOMB_X38_Y19_N20; Fanout = 1; COMB Node = 'STACK:inst|STACK_POINTER_COUNTER:inst|lpm_counter:lpm_counter_component|cntr_afi:auto_generated|counter_comb_bita2'
            Info: 5: + IC(0.000 ns) + CELL(0.097 ns) = 0.715 ns; Loc. = LCFF_X38_Y19_N21; Fanout = 26; REG Node = 'STACK:inst|STACK_POINTER_COUNTER:inst|lpm_counter:lpm_counter_component|cntr_afi:auto_generated|safe_q[2]'
            Info: Total cell delay = 0.715 ns ( 100.00 % )
        Info: - Smallest clock skew is 0.000 ns
            Info: + Shortest clock path from clock "move_sp" to destination register is 2.495 ns
                Info: 1: + IC(0.000 ns) + CELL(0.864 ns) = 0.864 ns; Loc. = PIN_M21; Fanout = 1; CLK Node = 'move_sp'
                Info: 2: + IC(0.343 ns) + CELL(0.000 ns) = 1.207 ns; Loc. = CLKCTRL_G1; Fanout = 3; COMB Node = 'move_sp~clkctrl'
                Info: 3: + IC(0.670 ns) + CELL(0.618 ns) = 2.495 ns; Loc. = LCFF_X38_Y19_N21; Fanout = 26; REG Node = 'STACK:inst|STACK_POINTER_COUNTER:inst|lpm_counter:lpm_counter_component|cntr_afi:auto_generated|safe_q[2]'
                Info: Total cell delay = 1.482 ns ( 59.40 % )
                Info: Total interconnect delay = 1.013 ns ( 40.60 % )
            Info: - Longest clock path from clock "move_sp" to source register is 2.495 ns
                Info: 1: + IC(0.000 ns) + CELL(0.864 ns) = 0.864 ns; Loc. = PIN_M21; Fanout = 1; CLK Node = 'move_sp'
                Info: 2: + IC(0.343 ns) + CELL(0.000 ns) = 1.207 ns; Loc. = CLKCTRL_G1; Fanout = 3; COMB Node = 'move_sp~clkctrl'
                Info: 3: + IC(0.670 ns) + CELL(0.618 ns) = 2.495 ns; Loc. = LCFF_X38_Y19_N17; Fanout = 33; REG Node = 'STACK:inst|STACK_POINTER_COUNTER:inst|lpm_counter:lpm_counter_component|cntr_afi:auto_generated|safe_q[0]'
                Info: Total cell delay = 1.482 ns ( 59.40 % )
                Info: Total interconnect delay = 1.013 ns ( 40.60 % )
        Info: + Micro clock to output delay of source is 0.094 ns
        Info: + Micro setup delay of destination is 0.090 ns
Info: No valid register-to-register data paths exist for clock "PUSH"
Info: tsu for register "STACK:inst|STACK_POINTER_COUNTER:inst|lpm_counter:lpm_counter_component|cntr_afi:auto_generated|safe_q[2]" (data pin = "POP", clock pin = "move_sp") is 3.220 ns
    Info: + Longest pin to register delay is 5.625 ns
        Info: 1: + IC(0.000 ns) + CELL(0.830 ns) = 0.830 ns; Loc. = PIN_C2; Fanout = 19; PIN Node = 'POP'
        Info: 2: + IC(4.264 ns) + CELL(0.309 ns) = 5.403 ns; Loc. = LCCOMB_X38_Y19_N18; Fanout = 1; COMB Node = 'STACK:inst|STACK_POINTER_COUNTER:inst|lpm_counter:lpm_counter_component|cntr_afi:auto_generated|counter_comb_bita1~COUT'
        Info: 3: + IC(0.000 ns) + CELL(0.125 ns) = 5.528 ns; Loc. = LCCOMB_X38_Y19_N20; Fanout = 1; COMB Node = 'STACK:inst|STACK_POINTER_COUNTER:inst|lpm_counter:lpm_counter_component|cntr_afi:auto_generated|counter_comb_bita2'
        Info: 4: + IC(0.000 ns) + CELL(0.097 ns) = 5.625 ns; Loc. = LCFF_X38_Y19_N21; Fanout = 26; REG Node = 'STACK:inst|STACK_POINTER_COUNTER:inst|lpm_counter:lpm_counter_component|cntr_afi:auto_generated|safe_q[2]'
        Info: Total cell delay = 1.361 ns ( 24.20 % )
        Info: Total interconnect delay = 4.264 ns ( 75.80 % )
    Info: + Micro setup delay of destination is 0.090 ns
    Info: - Shortest clock path from clock "move_sp" to destination register is 2.495 ns
        Info: 1: + IC(0.000 ns) + CELL(0.864 ns) = 0.864 ns; Loc. = PIN_M21; Fanout = 1; CLK Node = 'move_sp'
        Info: 2: + IC(0.343 ns) + CELL(0.000 ns) = 1.207 ns; Loc. = CLKCTRL_G1; Fanout = 3; COMB Node = 'move_sp~clkctrl'
        Info: 3: + IC(0.670 ns) + CELL(0.618 ns) = 2.495 ns; Loc. = LCFF_X38_Y19_N21; Fanout = 26; REG Node = 'STACK:inst|STACK_POINTER_COUNTER:inst|lpm_counter:lpm_counter_component|cntr_afi:auto_generated|safe_q[2]'
        Info: Total cell delay = 1.482 ns ( 59.40 % )
        Info: Total interconnect delay = 1.013 ns ( 40.60 % )
Info: tco from clock "move_sp" to destination pin "data_out[1]" through register "STACK:inst|STACK_POINTER_COUNTER:inst|lpm_counter:lpm_counter_component|cntr_afi:auto_generated|safe_q[2]" is 7.575 ns
    Info: + Longest clock path from clock "move_sp" to source register is 2.495 ns
        Info: 1: + IC(0.000 ns) + CELL(0.864 ns) = 0.864 ns; Loc. = PIN_M21; Fanout = 1; CLK Node = 'move_sp'
        Info: 2: + IC(0.343 ns) + CELL(0.000 ns) = 1.207 ns; Loc. = CLKCTRL_G1; Fanout = 3; COMB Node = 'move_sp~clkctrl'
        Info: 3: + IC(0.670 ns) + CELL(0.618 ns) = 2.495 ns; Loc. = LCFF_X38_Y19_N21; Fanout = 26; REG Node = 'STACK:inst|STACK_POINTER_COUNTER:inst|lpm_counter:lpm_counter_component|cntr_afi:auto_generated|safe_q[2]'
        Info: Total cell delay = 1.482 ns ( 59.40 % )
        Info: Total interconnect delay = 1.013 ns ( 40.60 % )
    Info: + Micro clock to output delay of source is 0.094 ns
    Info: + Longest register to pin delay is 4.986 ns
        Info: 1: + IC(0.000 ns) + CELL(0.000 ns) = 0.000 ns; Loc. = LCFF_X38_Y19_N21; Fanout = 26; REG Node = 'STACK:inst|STACK_POINTER_COUNTER:inst|lpm_counter:lpm_counter_component|cntr_afi:auto_generated|safe_q[2]'
        Info: 2: + IC(0.687 ns) + CELL(0.228 ns) = 0.915 ns; Loc. = LCCOMB_X39_Y18_N8; Fanout = 10; COMB Node = 'STACK:inst|STACK_POINTER_DECODER:inst9|lpm_decode:lpm_decode_component|decode_u7f:auto_generated|w_anode19w[2]~0'
        Info: 3: + IC(0.795 ns) + CELL(0.053 ns) = 1.763 ns; Loc. = LCCOMB_X37_Y19_N20; Fanout = 1; COMB Node = 'STACK:inst|STACK_OUTPUT_MUX:inst10|lpm_mux:lpm_mux_component|mux_t5e:auto_generated|l3_w1_n0_mux_dataout~1'
        Info: 4: + IC(1.069 ns) + CELL(2.154 ns) = 4.986 ns; Loc. = PIN_C1; Fanout = 0; PIN Node = 'data_out[1]'
        Info: Total cell delay = 2.435 ns ( 48.84 % )
        Info: Total interconnect delay = 2.551 ns ( 51.16 % )
Info: Longest tpd from source pin "POP" to destination pin "data_out[8]" is 6.674 ns
    Info: 1: + IC(0.000 ns) + CELL(0.830 ns) = 0.830 ns; Loc. = PIN_C2; Fanout = 19; PIN Node = 'POP'
    Info: 2: + IC(3.694 ns) + CELL(2.150 ns) = 6.674 ns; Loc. = PIN_F1; Fanout = 0; PIN Node = 'data_out[8]'
    Info: Total cell delay = 2.980 ns ( 44.65 % )
    Info: Total interconnect delay = 3.694 ns ( 55.35 % )
Info: th for register "STACK:inst|STACK_REGISTER:inst7|lpm_ff:lpm_ff_component|dffs[5]" (data pin = "data_in[5]", clock pin = "PUSH") is -1.923 ns
    Info: + Longest clock path from clock "PUSH" to destination register is 2.480 ns
        Info: 1: + IC(0.000 ns) + CELL(0.854 ns) = 0.854 ns; Loc. = PIN_N20; Fanout = 1; CLK Node = 'PUSH'
        Info: 2: + IC(0.343 ns) + CELL(0.000 ns) = 1.197 ns; Loc. = CLKCTRL_G3; Fanout = 80; COMB Node = 'PUSH~clkctrl'
        Info: 3: + IC(0.665 ns) + CELL(0.618 ns) = 2.480 ns; Loc. = LCFF_X39_Y18_N17; Fanout = 1; REG Node = 'STACK:inst|STACK_REGISTER:inst7|lpm_ff:lpm_ff_component|dffs[5]'
        Info: Total cell delay = 1.472 ns ( 59.35 % )
        Info: Total interconnect delay = 1.008 ns ( 40.65 % )
    Info: + Micro hold delay of destination is 0.149 ns
    Info: - Shortest pin to register delay is 4.552 ns
        Info: 1: + IC(0.000 ns) + CELL(0.780 ns) = 0.780 ns; Loc. = PIN_K8; Fanout = 5; PIN Node = 'data_in[5]'
        Info: 2: + IC(3.463 ns) + CELL(0.309 ns) = 4.552 ns; Loc. = LCFF_X39_Y18_N17; Fanout = 1; REG Node = 'STACK:inst|STACK_REGISTER:inst7|lpm_ff:lpm_ff_component|dffs[5]'
        Info: Total cell delay = 1.089 ns ( 23.92 % )
        Info: Total interconnect delay = 3.463 ns ( 76.08 % )
Info: Quartus II Classic Timing Analyzer was successful. 0 errors, 1 warning
    Info: Peak virtual memory: 244 megabytes
    Info: Processing ended: Wed May 16 18:13:15 2018
    Info: Elapsed time: 00:00:00
    Info: Total CPU time (on all processors): 00:00:02


