--------------------------------------------------------------------------------------
Timing Analyzer Summary
--------------------------------------------------------------------------------------

Type           : Worst-case tsu
Slack          : N/A
Required Time  : None
Actual Time    : 3.220 ns
From           : POP
To             : STACK:inst|STACK_POINTER_COUNTER:inst|lpm_counter:lpm_counter_component|cntr_afi:auto_generated|safe_q[2]
From Clock     : --
To Clock       : move_sp
Failed Paths   : 0

Type           : Worst-case tco
Slack          : N/A
Required Time  : None
Actual Time    : 7.575 ns
From           : STACK:inst|STACK_POINTER_COUNTER:inst|lpm_counter:lpm_counter_component|cntr_afi:auto_generated|safe_q[2]
To             : data_out[1]
From Clock     : move_sp
To Clock       : --
Failed Paths   : 0

Type           : Worst-case tpd
Slack          : N/A
Required Time  : None
Actual Time    : 6.674 ns
From           : POP
To             : data_out[9]
From Clock     : --
To Clock       : --
Failed Paths   : 0

Type           : Worst-case th
Slack          : N/A
Required Time  : None
Actual Time    : -1.923 ns
From           : data_in[5]
To             : STACK:inst|STACK_REGISTER:inst7|lpm_ff:lpm_ff_component|dffs[5]
From Clock     : --
To Clock       : PUSH
Failed Paths   : 0

Type           : Clock Setup: 'move_sp'
Slack          : N/A
Required Time  : None
Actual Time    : Restricted to 500.00 MHz ( period = 2.000 ns )
From           : STACK:inst|STACK_POINTER_COUNTER:inst|lpm_counter:lpm_counter_component|cntr_afi:auto_generated|safe_q[0]
To             : STACK:inst|STACK_POINTER_COUNTER:inst|lpm_counter:lpm_counter_component|cntr_afi:auto_generated|safe_q[2]
From Clock     : move_sp
To Clock       : move_sp
Failed Paths   : 0

Type           : Total number of failed paths
Slack          : 
Required Time  : 
Actual Time    : 
From           : 
To             : 
From Clock     : 
To Clock       : 
Failed Paths   : 0

--------------------------------------------------------------------------------------

