Flow report for CPU_WITH_MEMORY
Wed May 16 17:56:38 2018
Quartus II Version 9.1 Build 222 10/21/2009 SJ Web Edition


---------------------
; Table of Contents ;
---------------------
  1. Legal Notice
  2. Flow Summary
  3. Flow Settings
  4. Flow Non-Default Global Settings
  5. Flow Elapsed Time
  6. Flow OS Summary
  7. Flow Log



----------------
; Legal Notice ;
----------------
Copyright (C) 1991-2009 Altera Corporation
Your use of Altera Corporation's design tools, logic functions 
and other software and tools, and its AMPP partner logic 
functions, and any output files from any of the foregoing 
(including device programming or simulation files), and any 
associated documentation or information are expressly subject 
to the terms and conditions of the Altera Program License 
Subscription Agreement, Altera MegaCore Function License 
Agreement, or other applicable license agreement, including, 
without limitation, that your use is for the sole purpose of 
programming logic devices manufactured by Altera and sold by 
Altera or its authorized distributors.  Please refer to the 
applicable agreement for further details.



+-------------------------------------------------------------------------+
; Flow Summary                                                            ;
+-------------------------------+-----------------------------------------+
; Flow Status                   ; Successful - Wed May 16 17:56:38 2018   ;
; Quartus II Version            ; 9.1 Build 222 10/21/2009 SJ Web Edition ;
; Revision Name                 ; CPU_WITH_MEMORY                         ;
; Top-level Entity Name         ; CPU_WITH_MEMORY                         ;
; Family                        ; Stratix II                              ;
; Met timing requirements       ; No                                      ;
; Logic utilization             ; 6 %                                     ;
;     Combinational ALUTs       ; 520 / 12,480 ( 4 % )                    ;
;     Dedicated logic registers ; 429 / 12,480 ( 3 % )                    ;
; Total registers               ; 429                                     ;
; Total pins                    ; 147 / 343 ( 43 % )                      ;
; Total virtual pins            ; 0                                       ;
; Total block memory bits       ; 294,912 / 419,328 ( 70 % )              ;
; DSP block 9-bit elements      ; 0 / 96 ( 0 % )                          ;
; Total PLLs                    ; 0 / 6 ( 0 % )                           ;
; Total DLLs                    ; 0 / 2 ( 0 % )                           ;
; Device                        ; EP2S15F484C3                            ;
; Timing Models                 ; Final                                   ;
+-------------------------------+-----------------------------------------+


+-----------------------------------------+
; Flow Settings                           ;
+-------------------+---------------------+
; Option            ; Setting             ;
+-------------------+---------------------+
; Start date & time ; 05/16/2018 17:55:35 ;
; Main task         ; Compilation         ;
; Revision Name     ; CPU_WITH_MEMORY     ;
+-------------------+---------------------+


+----------------------------------------------------------------------------------------------------------------------------------------+
; Flow Non-Default Global Settings                                                                                                       ;
+------------------------------------+-----------------------------------------------+--------------------+-------------+----------------+
; Assignment Name                    ; Value                                         ; Default Value      ; Entity Name ; Section Id     ;
+------------------------------------+-----------------------------------------------+--------------------+-------------+----------------+
; COMPILER_SIGNATURE_ID              ; 44883555018623.152648253528644                ; --                 ; --          ; --             ;
; FITTER_EFFORT                      ; Standard Fit                                  ; Auto Fit           ; --          ; --             ;
; IP_TOOL_NAME                       ; LPM_ROM                                       ; --                 ; --          ; --             ;
; IP_TOOL_NAME                       ; LPM_BUSTRI                                    ; --                 ; --          ; --             ;
; IP_TOOL_NAME                       ; LPM_DECODE                                    ; --                 ; --          ; --             ;
; IP_TOOL_NAME                       ; LPM_COUNTER                                   ; --                 ; --          ; --             ;
; IP_TOOL_NAME                       ; LPM_FF                                        ; --                 ; --          ; --             ;
; IP_TOOL_NAME                       ; LPM_DECODE                                    ; --                 ; --          ; --             ;
; IP_TOOL_NAME                       ; LPM_BUSTRI                                    ; --                 ; --          ; --             ;
; IP_TOOL_NAME                       ; LPM_OR                                        ; --                 ; --          ; --             ;
; IP_TOOL_NAME                       ; LPM_BUSTRI                                    ; --                 ; --          ; --             ;
; IP_TOOL_NAME                       ; LPM_FF                                        ; --                 ; --          ; --             ;
; IP_TOOL_NAME                       ; LPM_COUNTER                                   ; --                 ; --          ; --             ;
; IP_TOOL_NAME                       ; LPM_COUNTER                                   ; --                 ; --          ; --             ;
; IP_TOOL_NAME                       ; LPM_FF                                        ; --                 ; --          ; --             ;
; IP_TOOL_NAME                       ; LPM_DECODE                                    ; --                 ; --          ; --             ;
; IP_TOOL_NAME                       ; LPM_MUX                                       ; --                 ; --          ; --             ;
; IP_TOOL_NAME                       ; LPM_BUSTRI                                    ; --                 ; --          ; --             ;
; IP_TOOL_NAME                       ; LPM_BUSTRI                                    ; --                 ; --          ; --             ;
; IP_TOOL_NAME                       ; LPM_FF                                        ; --                 ; --          ; --             ;
; IP_TOOL_NAME                       ; LPM_MUX                                       ; --                 ; --          ; --             ;
; IP_TOOL_NAME                       ; LPM_BUSTRI                                    ; --                 ; --          ; --             ;
; IP_TOOL_NAME                       ; LPM_BUSTRI                                    ; --                 ; --          ; --             ;
; IP_TOOL_NAME                       ; LPM_MUX                                       ; --                 ; --          ; --             ;
; IP_TOOL_NAME                       ; LPM_FF                                        ; --                 ; --          ; --             ;
; IP_TOOL_NAME                       ; LPM_COUNTER                                   ; --                 ; --          ; --             ;
; IP_TOOL_NAME                       ; LPM_BUSTRI                                    ; --                 ; --          ; --             ;
; IP_TOOL_NAME                       ; LPM_FF                                        ; --                 ; --          ; --             ;
; IP_TOOL_NAME                       ; LPM_FF                                        ; --                 ; --          ; --             ;
; IP_TOOL_NAME                       ; LPM_FF                                        ; --                 ; --          ; --             ;
; IP_TOOL_NAME                       ; LPM_OR                                        ; --                 ; --          ; --             ;
; IP_TOOL_NAME                       ; LPM_XOR                                       ; --                 ; --          ; --             ;
; IP_TOOL_NAME                       ; LPM_INV                                       ; --                 ; --          ; --             ;
; IP_TOOL_NAME                       ; LPM_INV                                       ; --                 ; --          ; --             ;
; IP_TOOL_NAME                       ; LPM_XOR                                       ; --                 ; --          ; --             ;
; IP_TOOL_NAME                       ; LPM_BUSTRI                                    ; --                 ; --          ; --             ;
; IP_TOOL_NAME                       ; LPM_MUX                                       ; --                 ; --          ; --             ;
; IP_TOOL_NAME                       ; LPM_BUSTRI                                    ; --                 ; --          ; --             ;
; IP_TOOL_NAME                       ; LPM_BUSTRI                                    ; --                 ; --          ; --             ;
; IP_TOOL_NAME                       ; LPM_MUX                                       ; --                 ; --          ; --             ;
; IP_TOOL_NAME                       ; LPM_MUX                                       ; --                 ; --          ; --             ;
; IP_TOOL_NAME                       ; LPM_FF                                        ; --                 ; --          ; --             ;
; IP_TOOL_NAME                       ; LPM_MUX                                       ; --                 ; --          ; --             ;
; IP_TOOL_NAME                       ; LPM_COUNTER                                   ; --                 ; --          ; --             ;
; IP_TOOL_NAME                       ; LPM_COMPARE                                   ; --                 ; --          ; --             ;
; IP_TOOL_NAME                       ; LPM_COMPARE                                   ; --                 ; --          ; --             ;
; IP_TOOL_NAME                       ; LPM_FF                                        ; --                 ; --          ; --             ;
; IP_TOOL_NAME                       ; LPM_DECODE                                    ; --                 ; --          ; --             ;
; IP_TOOL_NAME                       ; LPM_MUX                                       ; --                 ; --          ; --             ;
; IP_TOOL_NAME                       ; LPM_BUSTRI                                    ; --                 ; --          ; --             ;
; IP_TOOL_NAME                       ; LPM_FF                                        ; --                 ; --          ; --             ;
; IP_TOOL_NAME                       ; LPM_FF                                        ; --                 ; --          ; --             ;
; IP_TOOL_NAME                       ; LPM_MUX                                       ; --                 ; --          ; --             ;
; IP_TOOL_NAME                       ; LPM_CLSHIFT                                   ; --                 ; --          ; --             ;
; IP_TOOL_NAME                       ; LPM_FF                                        ; --                 ; --          ; --             ;
; IP_TOOL_NAME                       ; LPM_FF                                        ; --                 ; --          ; --             ;
; IP_TOOL_NAME                       ; LPM_MUX                                       ; --                 ; --          ; --             ;
; IP_TOOL_VERSION                    ; 9.1                                           ; --                 ; --          ; --             ;
; IP_TOOL_VERSION                    ; 9.1                                           ; --                 ; --          ; --             ;
; IP_TOOL_VERSION                    ; 9.1                                           ; --                 ; --          ; --             ;
; IP_TOOL_VERSION                    ; 9.1                                           ; --                 ; --          ; --             ;
; IP_TOOL_VERSION                    ; 9.1                                           ; --                 ; --          ; --             ;
; IP_TOOL_VERSION                    ; 9.1                                           ; --                 ; --          ; --             ;
; IP_TOOL_VERSION                    ; 9.1                                           ; --                 ; --          ; --             ;
; IP_TOOL_VERSION                    ; 9.1                                           ; --                 ; --          ; --             ;
; IP_TOOL_VERSION                    ; 9.1                                           ; --                 ; --          ; --             ;
; IP_TOOL_VERSION                    ; 9.1                                           ; --                 ; --          ; --             ;
; IP_TOOL_VERSION                    ; 9.1                                           ; --                 ; --          ; --             ;
; IP_TOOL_VERSION                    ; 9.1                                           ; --                 ; --          ; --             ;
; IP_TOOL_VERSION                    ; 9.1                                           ; --                 ; --          ; --             ;
; IP_TOOL_VERSION                    ; 9.1                                           ; --                 ; --          ; --             ;
; IP_TOOL_VERSION                    ; 9.1                                           ; --                 ; --          ; --             ;
; IP_TOOL_VERSION                    ; 9.1                                           ; --                 ; --          ; --             ;
; IP_TOOL_VERSION                    ; 9.1                                           ; --                 ; --          ; --             ;
; IP_TOOL_VERSION                    ; 9.1                                           ; --                 ; --          ; --             ;
; IP_TOOL_VERSION                    ; 9.1                                           ; --                 ; --          ; --             ;
; IP_TOOL_VERSION                    ; 9.1                                           ; --                 ; --          ; --             ;
; IP_TOOL_VERSION                    ; 9.1                                           ; --                 ; --          ; --             ;
; IP_TOOL_VERSION                    ; 9.1                                           ; --                 ; --          ; --             ;
; IP_TOOL_VERSION                    ; 9.1                                           ; --                 ; --          ; --             ;
; IP_TOOL_VERSION                    ; 9.1                                           ; --                 ; --          ; --             ;
; IP_TOOL_VERSION                    ; 9.1                                           ; --                 ; --          ; --             ;
; IP_TOOL_VERSION                    ; 9.1                                           ; --                 ; --          ; --             ;
; IP_TOOL_VERSION                    ; 9.1                                           ; --                 ; --          ; --             ;
; IP_TOOL_VERSION                    ; 9.1                                           ; --                 ; --          ; --             ;
; IP_TOOL_VERSION                    ; 9.1                                           ; --                 ; --          ; --             ;
; IP_TOOL_VERSION                    ; 9.1                                           ; --                 ; --          ; --             ;
; IP_TOOL_VERSION                    ; 9.1                                           ; --                 ; --          ; --             ;
; IP_TOOL_VERSION                    ; 9.1                                           ; --                 ; --          ; --             ;
; IP_TOOL_VERSION                    ; 9.1                                           ; --                 ; --          ; --             ;
; IP_TOOL_VERSION                    ; 9.1                                           ; --                 ; --          ; --             ;
; IP_TOOL_VERSION                    ; 9.1                                           ; --                 ; --          ; --             ;
; IP_TOOL_VERSION                    ; 9.1                                           ; --                 ; --          ; --             ;
; IP_TOOL_VERSION                    ; 9.1                                           ; --                 ; --          ; --             ;
; IP_TOOL_VERSION                    ; 9.1                                           ; --                 ; --          ; --             ;
; IP_TOOL_VERSION                    ; 9.1                                           ; --                 ; --          ; --             ;
; IP_TOOL_VERSION                    ; 9.1                                           ; --                 ; --          ; --             ;
; IP_TOOL_VERSION                    ; 9.1                                           ; --                 ; --          ; --             ;
; IP_TOOL_VERSION                    ; 9.1                                           ; --                 ; --          ; --             ;
; IP_TOOL_VERSION                    ; 9.1                                           ; --                 ; --          ; --             ;
; IP_TOOL_VERSION                    ; 9.1                                           ; --                 ; --          ; --             ;
; IP_TOOL_VERSION                    ; 9.1                                           ; --                 ; --          ; --             ;
; IP_TOOL_VERSION                    ; 9.1                                           ; --                 ; --          ; --             ;
; IP_TOOL_VERSION                    ; 9.1                                           ; --                 ; --          ; --             ;
; IP_TOOL_VERSION                    ; 9.1                                           ; --                 ; --          ; --             ;
; IP_TOOL_VERSION                    ; 9.1                                           ; --                 ; --          ; --             ;
; IP_TOOL_VERSION                    ; 9.1                                           ; --                 ; --          ; --             ;
; IP_TOOL_VERSION                    ; 9.1                                           ; --                 ; --          ; --             ;
; IP_TOOL_VERSION                    ; 9.1                                           ; --                 ; --          ; --             ;
; IP_TOOL_VERSION                    ; 9.1                                           ; --                 ; --          ; --             ;
; IP_TOOL_VERSION                    ; 9.1                                           ; --                 ; --          ; --             ;
; IP_TOOL_VERSION                    ; 9.1                                           ; --                 ; --          ; --             ;
; MISC_FILE                          ; ROM.bsf                                       ; --                 ; --          ; --             ;
; MISC_FILE                          ; ROM_inst.vhd                                  ; --                 ; --          ; --             ;
; MISC_FILE                          ; ROM.cmp                                       ; --                 ; --          ; --             ;
; MISC_FILE                          ; RW_RAM_BUSTRI.bsf                             ; --                 ; --          ; --             ;
; MISC_FILE                          ; RW_RAM_BUSTRI_inst.vhd                        ; --                 ; --          ; --             ;
; MISC_FILE                          ; RW_RAM_BUSTRI.cmp                             ; --                 ; --          ; --             ;
; MISC_FILE                          ; CPU_CYCLE_DECODER.bsf                         ; --                 ; --          ; --             ;
; MISC_FILE                          ; CPU_CYCLE_DECODER_inst.vhd                    ; --                 ; --          ; --             ;
; MISC_FILE                          ; CPU_CYCLE_DECODER.cmp                         ; --                 ; --          ; --             ;
; MISC_FILE                          ; CPU_CYCLE_COUNTER.bsf                         ; --                 ; --          ; --             ;
; MISC_FILE                          ; CPU_CYCLE_COUNTER_inst.vhd                    ; --                 ; --          ; --             ;
; MISC_FILE                          ; CPU_CYCLE_COUNTER.cmp                         ; --                 ; --          ; --             ;
; MISC_FILE                          ; COMMAND_WORD_BUFFER.bsf                       ; --                 ; --          ; --             ;
; MISC_FILE                          ; COMMAND_WORD_BUFFER_inst.vhd                  ; --                 ; --          ; --             ;
; MISC_FILE                          ; COMMAND_WORD_BUFFER.cmp                       ; --                 ; --          ; --             ;
; MISC_FILE                          ; COMMAND_DECODER.bsf                           ; --                 ; --          ; --             ;
; MISC_FILE                          ; COMMAND_DECODER_inst.vhd                      ; --                 ; --          ; --             ;
; MISC_FILE                          ; COMMAND_DECODER.cmp                           ; --                 ; --          ; --             ;
; MISC_FILE                          ; IP_BUSTRI.bsf                                 ; --                 ; --          ; --             ;
; MISC_FILE                          ; IP_BUSTRI_inst.vhd                            ; --                 ; --          ; --             ;
; MISC_FILE                          ; IP_BUSTRI.cmp                                 ; --                 ; --          ; --             ;
; MISC_FILE                          ; CPU_CYCLE_RESET_OR.bsf                        ; --                 ; --          ; --             ;
; MISC_FILE                          ; CPU_CYCLE_RESET_OR_inst.vhd                   ; --                 ; --          ; --             ;
; MISC_FILE                          ; CPU_CYCLE_RESET_OR.cmp                        ; --                 ; --          ; --             ;
; MISC_FILE                          ; ROM_OUT_BUSTRI.bsf                            ; --                 ; --          ; --             ;
; MISC_FILE                          ; ROM_OUT_BUSTRI_inst.vhd                       ; --                 ; --          ; --             ;
; MISC_FILE                          ; ROM_OUT_BUSTRI.cmp                            ; --                 ; --          ; --             ;
; MISC_FILE                          ; IP_REGISTER.bsf                               ; --                 ; --          ; --             ;
; MISC_FILE                          ; IP_REGISTER_inst.vhd                          ; --                 ; --          ; --             ;
; MISC_FILE                          ; IP_REGISTER.cmp                               ; --                 ; --          ; --             ;
; MISC_FILE                          ; IP_COUNTER.bsf                                ; --                 ; --          ; --             ;
; MISC_FILE                          ; IP_COUNTER_inst.vhd                           ; --                 ; --          ; --             ;
; MISC_FILE                          ; IP_COUNTER.cmp                                ; --                 ; --          ; --             ;
; MISC_FILE                          ; NEW_IP_TEST.bsf                               ; --                 ; --          ; --             ;
; MISC_FILE                          ; NEW_IP_TEST_inst.vhd                          ; --                 ; --          ; --             ;
; MISC_FILE                          ; NEW_IP_TEST.cmp                               ; --                 ; --          ; --             ;
; MISC_FILE                          ; GENERAL_REGISTER.bsf                          ; --                 ; --          ; --             ;
; MISC_FILE                          ; GENERAL_REGISTER_inst.vhd                     ; --                 ; --          ; --             ;
; MISC_FILE                          ; GENERAL_REGISTER.cmp                          ; --                 ; --          ; --             ;
; MISC_FILE                          ; GENERAL_REGISTERS_DECODER.bsf                 ; --                 ; --          ; --             ;
; MISC_FILE                          ; GENERAL_REGISTERS_DECODER_inst.vhd            ; --                 ; --          ; --             ;
; MISC_FILE                          ; GENERAL_REGISTERS_DECODER.cmp                 ; --                 ; --          ; --             ;
; MISC_FILE                          ; GENERAL_REGISTER_READ_MUX.bsf                 ; --                 ; --          ; --             ;
; MISC_FILE                          ; GENERAL_REGISTER_READ_MUX_inst.vhd            ; --                 ; --          ; --             ;
; MISC_FILE                          ; GENERAL_REGISTER_READ_MUX.cmp                 ; --                 ; --          ; --             ;
; MISC_FILE                          ; GENERAL_REGISTER_READ_BUSTRI.bsf              ; --                 ; --          ; --             ;
; MISC_FILE                          ; GENERAL_REGISTER_READ_BUSTRI_inst.vhd         ; --                 ; --          ; --             ;
; MISC_FILE                          ; GENERAL_REGISTER_READ_BUSTRI.cmp              ; --                 ; --          ; --             ;
; MISC_FILE                          ; RAM_ADDRESS_BUSTRI.bsf                        ; --                 ; --          ; --             ;
; MISC_FILE                          ; RAM_ADDRESS_BUSTRI_inst.vhd                   ; --                 ; --          ; --             ;
; MISC_FILE                          ; RAM_ADDRESS_BUSTRI.cmp                        ; --                 ; --          ; --             ;
; MISC_FILE                          ; RAM_DIRECT_ADDRESS.bsf                        ; --                 ; --          ; --             ;
; MISC_FILE                          ; RAM_DIRECT_ADDRESS_inst.vhd                   ; --                 ; --          ; --             ;
; MISC_FILE                          ; RAM_DIRECT_ADDRESS.cmp                        ; --                 ; --          ; --             ;
; MISC_FILE                          ; INDIRECT_ADDRESSING_MUX.bsf                   ; --                 ; --          ; --             ;
; MISC_FILE                          ; INDIRECT_ADDRESSING_MUX_inst.vhd              ; --                 ; --          ; --             ;
; MISC_FILE                          ; INDIRECT_ADDRESSING_MUX.cmp                   ; --                 ; --          ; --             ;
; MISC_FILE                          ; SINGLE_BUSTRI.bsf                             ; --                 ; --          ; --             ;
; MISC_FILE                          ; SINGLE_BUSTRI_inst.vhd                        ; --                 ; --          ; --             ;
; MISC_FILE                          ; SINGLE_BUSTRI.cmp                             ; --                 ; --          ; --             ;
; MISC_FILE                          ; RAM_INDIRECT_ADDRESS_BUSTRI.bsf               ; --                 ; --          ; --             ;
; MISC_FILE                          ; RAM_INDIRECT_ADDRESS_BUSTRI_inst.vhd          ; --                 ; --          ; --             ;
; MISC_FILE                          ; RAM_INDIRECT_ADDRESS_BUSTRI.cmp               ; --                 ; --          ; --             ;
; MISC_FILE                          ; RAM_OUTENAB_MUX.bsf                           ; --                 ; --          ; --             ;
; MISC_FILE                          ; RAM_OUTENAB_MUX_inst.vhd                      ; --                 ; --          ; --             ;
; MISC_FILE                          ; RAM_OUTENAB_MUX.cmp                           ; --                 ; --          ; --             ;
; MISC_FILE                          ; lpm_ff0.bsf                                   ; --                 ; --          ; --             ;
; MISC_FILE                          ; lpm_ff0_inst.vhd                              ; --                 ; --          ; --             ;
; MISC_FILE                          ; lpm_ff0.cmp                                   ; --                 ; --          ; --             ;
; MISC_FILE                          ; INCS_COUNTER.bsf                              ; --                 ; --          ; --             ;
; MISC_FILE                          ; INCS_COUNTER_inst.vhd                         ; --                 ; --          ; --             ;
; MISC_FILE                          ; INCS_COUNTER.cmp                              ; --                 ; --          ; --             ;
; MISC_FILE                          ; ALU_RESULT_BUSTRI.bsf                         ; --                 ; --          ; --             ;
; MISC_FILE                          ; ALU_RESULT_BUSTRI_inst.vhd                    ; --                 ; --          ; --             ;
; MISC_FILE                          ; ALU_RESULT_BUSTRI.cmp                         ; --                 ; --          ; --             ;
; MISC_FILE                          ; S_FLAG.bsf                                    ; --                 ; --          ; --             ;
; MISC_FILE                          ; S_FLAG_inst.vhd                               ; --                 ; --          ; --             ;
; MISC_FILE                          ; S_FLAG.cmp                                    ; --                 ; --          ; --             ;
; MISC_FILE                          ; Z_FLAG.bsf                                    ; --                 ; --          ; --             ;
; MISC_FILE                          ; Z_FLAG_inst.vhd                               ; --                 ; --          ; --             ;
; MISC_FILE                          ; Z_FLAG.cmp                                    ; --                 ; --          ; --             ;
; MISC_FILE                          ; C_FLAG.bsf                                    ; --                 ; --          ; --             ;
; MISC_FILE                          ; C_FLAG_inst.vhd                               ; --                 ; --          ; --             ;
; MISC_FILE                          ; C_FLAG.cmp                                    ; --                 ; --          ; --             ;
; MISC_FILE                          ; Z_FLAG_OR.bsf                                 ; --                 ; --          ; --             ;
; MISC_FILE                          ; Z_FLAG_OR_inst.vhd                            ; --                 ; --          ; --             ;
; MISC_FILE                          ; Z_FLAG_OR.cmp                                 ; --                 ; --          ; --             ;
; MISC_FILE                          ; NOTZ_XOR.bsf                                  ; --                 ; --          ; --             ;
; MISC_FILE                          ; NOTZ_XOR_inst.vhd                             ; --                 ; --          ; --             ;
; MISC_FILE                          ; NOTZ_XOR.cmp                                  ; --                 ; --          ; --             ;
; MISC_FILE                          ; NXOR_INVERTOR.bsf                             ; --                 ; --          ; --             ;
; MISC_FILE                          ; NXOR_INVERTOR_inst.vhd                        ; --                 ; --          ; --             ;
; MISC_FILE                          ; NXOR_INVERTOR.cmp                             ; --                 ; --          ; --             ;
; MISC_FILE                          ; NOTZ_INVERTOR.bsf                             ; --                 ; --          ; --             ;
; MISC_FILE                          ; NOTZ_INVERTOR_inst.vhd                        ; --                 ; --          ; --             ;
; MISC_FILE                          ; NOTZ_INVERTOR.cmp                             ; --                 ; --          ; --             ;
; MISC_FILE                          ; NXOR_XOR.bsf                                  ; --                 ; --          ; --             ;
; MISC_FILE                          ; NXOR_XOR_inst.vhd                             ; --                 ; --          ; --             ;
; MISC_FILE                          ; NXOR_XOR.cmp                                  ; --                 ; --          ; --             ;
; MISC_FILE                          ; INCS_LOAD_BUSTRI.bsf                          ; --                 ; --          ; --             ;
; MISC_FILE                          ; INCS_LOAD_BUSTRI_inst.vhd                     ; --                 ; --          ; --             ;
; MISC_FILE                          ; INCS_LOAD_BUSTRI.cmp                          ; --                 ; --          ; --             ;
; MISC_FILE                          ; ALU_IN_OPERAND_MUX.bsf                        ; --                 ; --          ; --             ;
; MISC_FILE                          ; ALU_IN_OPERAND_MUX_inst.vhd                   ; --                 ; --          ; --             ;
; MISC_FILE                          ; ALU_IN_OPERAND_MUX.cmp                        ; --                 ; --          ; --             ;
; MISC_FILE                          ; ALU_INPUT_BUSTRI.bsf                          ; --                 ; --          ; --             ;
; MISC_FILE                          ; ALU_INPUT_BUSTRI_inst.vhd                     ; --                 ; --          ; --             ;
; MISC_FILE                          ; ALU_INPUT_BUSTRI.cmp                          ; --                 ; --          ; --             ;
; MISC_FILE                          ; ALU_OUTPUT_BUSTRI.bsf                         ; --                 ; --          ; --             ;
; MISC_FILE                          ; ALU_OUTPUT_BUSTRI_inst.vhd                    ; --                 ; --          ; --             ;
; MISC_FILE                          ; ALU_OUTPUT_BUSTRI.cmp                         ; --                 ; --          ; --             ;
; MISC_FILE                          ; GEN_REG_DATA_MUX.bsf                          ; --                 ; --          ; --             ;
; MISC_FILE                          ; GEN_REG_DATA_MUX_inst.vhd                     ; --                 ; --          ; --             ;
; MISC_FILE                          ; GEN_REG_DATA_MUX.cmp                          ; --                 ; --          ; --             ;
; MISC_FILE                          ; CPU_DATA_BUS_OUT_MUX.bsf                      ; --                 ; --          ; --             ;
; MISC_FILE                          ; CPU_DATA_BUS_OUT_MUX_inst.vhd                 ; --                 ; --          ; --             ;
; MISC_FILE                          ; CPU_DATA_BUS_OUT_MUX.cmp                      ; --                 ; --          ; --             ;
; MISC_FILE                          ; ALU_NOTZ_REGISTER.bsf                         ; --                 ; --          ; --             ;
; MISC_FILE                          ; ALU_NOTZ_REGISTER_inst.vhd                    ; --                 ; --          ; --             ;
; MISC_FILE                          ; ALU_NOTZ_REGISTER.cmp                         ; --                 ; --          ; --             ;
; MISC_FILE                          ; ALU_NOTZ_OUT_MUX.bsf                          ; --                 ; --          ; --             ;
; MISC_FILE                          ; ALU_NOTZ_OUT_MUX_inst.vhd                     ; --                 ; --          ; --             ;
; MISC_FILE                          ; ALU_NOTZ_OUT_MUX.cmp                          ; --                 ; --          ; --             ;
; MISC_FILE                          ; STACK_POINTER_COUNTER.bsf                     ; --                 ; --          ; --             ;
; MISC_FILE                          ; STACK_POINTER_COUNTER_inst.vhd                ; --                 ; --          ; --             ;
; MISC_FILE                          ; STACK_POINTER_COUNTER.cmp                     ; --                 ; --          ; --             ;
; MISC_FILE                          ; STACK_POINTER_ASYNC_CLEAR_COMPARATOR.bsf      ; --                 ; --          ; --             ;
; MISC_FILE                          ; STACK_POINTER_ASYNC_CLEAR_COMPARATOR_inst.vhd ; --                 ; --          ; --             ;
; MISC_FILE                          ; STACK_POINTER_ASYNC_CLEAR_COMPARATOR.cmp      ; --                 ; --          ; --             ;
; MISC_FILE                          ; STACK_POINTER_ASYNC_SET_COMPARATOR.bsf        ; --                 ; --          ; --             ;
; MISC_FILE                          ; STACK_POINTER_ASYNC_SET_COMPARATOR_inst.vhd   ; --                 ; --          ; --             ;
; MISC_FILE                          ; STACK_POINTER_ASYNC_SET_COMPARATOR.cmp        ; --                 ; --          ; --             ;
; MISC_FILE                          ; STACK_REGISTER.bsf                            ; --                 ; --          ; --             ;
; MISC_FILE                          ; STACK_REGISTER_inst.vhd                       ; --                 ; --          ; --             ;
; MISC_FILE                          ; STACK_REGISTER.cmp                            ; --                 ; --          ; --             ;
; MISC_FILE                          ; STACK_POINTER_DECODER.bsf                     ; --                 ; --          ; --             ;
; MISC_FILE                          ; STACK_POINTER_DECODER_inst.vhd                ; --                 ; --          ; --             ;
; MISC_FILE                          ; STACK_POINTER_DECODER.cmp                     ; --                 ; --          ; --             ;
; MISC_FILE                          ; STACK_OUTPUT_MUX.bsf                          ; --                 ; --          ; --             ;
; MISC_FILE                          ; STACK_OUTPUT_MUX_inst.vhd                     ; --                 ; --          ; --             ;
; MISC_FILE                          ; STACK_OUTPUT_MUX.cmp                          ; --                 ; --          ; --             ;
; MISC_FILE                          ; STACK_OUT_BUSTRI.bsf                          ; --                 ; --          ; --             ;
; MISC_FILE                          ; STACK_OUT_BUSTRI_inst.vhd                     ; --                 ; --          ; --             ;
; MISC_FILE                          ; STACK_OUT_BUSTRI.cmp                          ; --                 ; --          ; --             ;
; MISC_FILE                          ; ALU_NXOR_FIRST_REGISTER.bsf                   ; --                 ; --          ; --             ;
; MISC_FILE                          ; ALU_NXOR_FIRST_REGISTER_inst.vhd              ; --                 ; --          ; --             ;
; MISC_FILE                          ; ALU_NXOR_FIRST_REGISTER.cmp                   ; --                 ; --          ; --             ;
; MISC_FILE                          ; ALU_NXOR_SECOND_REGISTER.bsf                  ; --                 ; --          ; --             ;
; MISC_FILE                          ; ALU_NXOR_SECOND_REGISTER_inst.vhd             ; --                 ; --          ; --             ;
; MISC_FILE                          ; ALU_NXOR_SECOND_REGISTER.cmp                  ; --                 ; --          ; --             ;
; MISC_FILE                          ; NXOR_SECOND_OPERAND_ID_MUX.bsf                ; --                 ; --          ; --             ;
; MISC_FILE                          ; NXOR_SECOND_OPERAND_ID_MUX_inst.vhd           ; --                 ; --          ; --             ;
; MISC_FILE                          ; NXOR_SECOND_OPERAND_ID_MUX.cmp                ; --                 ; --          ; --             ;
; MISC_FILE                          ; ALU_SRA_SHIFT_REGISTER.bsf                    ; --                 ; --          ; --             ;
; MISC_FILE                          ; ALU_SRA_SHIFT_REGISTER_inst.vhd               ; --                 ; --          ; --             ;
; MISC_FILE                          ; ALU_SRA_SHIFT_REGISTER.cmp                    ; --                 ; --          ; --             ;
; MISC_FILE                          ; ALU_SRA_REGISTER.bsf                          ; --                 ; --          ; --             ;
; MISC_FILE                          ; ALU_SRA_REGISTER_inst.vhd                     ; --                 ; --          ; --             ;
; MISC_FILE                          ; ALU_SRA_REGISTER.cmp                          ; --                 ; --          ; --             ;
; MISC_FILE                          ; SRA_DISTANCE_REGISTER.bsf                     ; --                 ; --          ; --             ;
; MISC_FILE                          ; SRA_DISTANCE_REGISTER_inst.vhd                ; --                 ; --          ; --             ;
; MISC_FILE                          ; SRA_DISTANCE_REGISTER.cmp                     ; --                 ; --          ; --             ;
; MISC_FILE                          ; SRA_DISTANCE_MUX.bsf                          ; --                 ; --          ; --             ;
; MISC_FILE                          ; SRA_DISTANCE_MUX_inst.vhd                     ; --                 ; --          ; --             ;
; MISC_FILE                          ; SRA_DISTANCE_MUX.cmp                          ; --                 ; --          ; --             ;
; OPTIMIZE_POWER_DURING_FITTING      ; Extra effort                                  ; Normal compilation ; --          ; --             ;
; PARTITION_COLOR                    ; 16764057                                      ; --                 ; --          ; Top            ;
; PARTITION_NETLIST_TYPE             ; SOURCE                                        ; --                 ; --          ; Top            ;
; USE_GENERATED_PHYSICAL_CONSTRAINTS ; Off                                           ; --                 ; --          ; eda_blast_fpga ;
+------------------------------------+-----------------------------------------------+--------------------+-------------+----------------+


+-----------------------------------------------------------------------------------------------------------------------------+
; Flow Elapsed Time                                                                                                           ;
+-------------------------+--------------+-------------------------+---------------------+------------------------------------+
; Module Name             ; Elapsed Time ; Average Processors Used ; Peak Virtual Memory ; Total CPU Time (on all processors) ;
+-------------------------+--------------+-------------------------+---------------------+------------------------------------+
; Analysis & Synthesis    ; 00:00:21     ; 1.0                     ; 327 MB              ; 00:00:22                           ;
; Fitter                  ; 00:00:33     ; 1.0                     ; 373 MB              ; 00:00:37                           ;
; Assembler               ; 00:00:03     ; 1.0                     ; 302 MB              ; 00:00:03                           ;
; Classic Timing Analyzer ; 00:00:01     ; 1.0                     ; 240 MB              ; 00:00:03                           ;
; Total                   ; 00:00:58     ; --                      ; --                  ; 00:01:05                           ;
+-------------------------+--------------+-------------------------+---------------------+------------------------------------+


+------------------------------------------------------------------------------------------+
; Flow OS Summary                                                                          ;
+-------------------------+------------------+---------------+------------+----------------+
; Module Name             ; Machine Hostname ; OS Name       ; OS Version ; Processor type ;
+-------------------------+------------------+---------------+------------+----------------+
; Analysis & Synthesis    ; Lenovo           ; Windows Vista ; 6.2        ; x86_64         ;
; Fitter                  ; Lenovo           ; Windows Vista ; 6.2        ; x86_64         ;
; Assembler               ; Lenovo           ; Windows Vista ; 6.2        ; x86_64         ;
; Classic Timing Analyzer ; Lenovo           ; Windows Vista ; 6.2        ; x86_64         ;
+-------------------------+------------------+---------------+------------+----------------+


------------
; Flow Log ;
------------
quartus_map --read_settings_files=on --write_settings_files=off CPU -c CPU_WITH_MEMORY
quartus_fit --read_settings_files=off --write_settings_files=off CPU -c CPU_WITH_MEMORY
quartus_asm --read_settings_files=off --write_settings_files=off CPU -c CPU_WITH_MEMORY
quartus_tan --read_settings_files=off --write_settings_files=off CPU -c CPU_WITH_MEMORY --timing_analysis_only



