Analysis & Synthesis report for CPU_WITH_MEMORY
Wed May 16 18:12:57 2018
Quartus II Version 9.1 Build 222 10/21/2009 SJ Web Edition


---------------------
; Table of Contents ;
---------------------
  1. Legal Notice
  2. Analysis & Synthesis Summary
  3. Analysis & Synthesis Settings
  4. Parallel Compilation
  5. Analysis & Synthesis Source Files Read
  6. Analysis & Synthesis Resource Usage Summary
  7. Analysis & Synthesis Resource Utilization by Entity
  8. General Register Statistics
  9. Multiplexer Restructuring Statistics (Restructuring Performed)
 10. Source assignments for STACK:inst|STACK_POINTER_COUNTER:inst|lpm_counter:lpm_counter_component
 11. Parameter Settings for User Entity Instance: STACK:inst|STACK_OUT_BUSTRI:inst11|lpm_bustri:lpm_bustri_component
 12. Parameter Settings for User Entity Instance: STACK:inst|STACK_OUTPUT_MUX:inst10|LPM_MUX:lpm_mux_component
 13. Parameter Settings for User Entity Instance: STACK:inst|STACK_REGISTER:inst8|lpm_ff:lpm_ff_component
 14. Parameter Settings for User Entity Instance: STACK:inst|STACK_POINTER_DECODER:inst9|lpm_decode:lpm_decode_component
 15. Parameter Settings for User Entity Instance: STACK:inst|STACK_POINTER_COUNTER:inst|lpm_counter:lpm_counter_component
 16. Parameter Settings for User Entity Instance: STACK:inst|STACK_POINTER_ASYNC_CLEAR_COMPARATOR:inst2|lpm_compare:lpm_compare_component
 17. Parameter Settings for User Entity Instance: STACK:inst|STACK_POINTER_ASYNC_SET_COMPARATOR:inst3|lpm_compare:lpm_compare_component
 18. Parameter Settings for User Entity Instance: STACK:inst|STACK_REGISTER:inst7|lpm_ff:lpm_ff_component
 19. Parameter Settings for User Entity Instance: STACK:inst|STACK_REGISTER:inst6|lpm_ff:lpm_ff_component
 20. Parameter Settings for User Entity Instance: STACK:inst|STACK_REGISTER:inst5|lpm_ff:lpm_ff_component
 21. Parameter Settings for User Entity Instance: STACK:inst|STACK_REGISTER:inst4|lpm_ff:lpm_ff_component
 22. Analysis & Synthesis Messages



----------------
; Legal Notice ;
----------------
Copyright (C) 1991-2009 Altera Corporation
Your use of Altera Corporation's design tools, logic functions 
and other software and tools, and its AMPP partner logic 
functions, and any output files from any of the foregoing 
(including device programming or simulation files), and any 
associated documentation or information are expressly subject 
to the terms and conditions of the Altera Program License 
Subscription Agreement, Altera MegaCore Function License 
Agreement, or other applicable license agreement, including, 
without limitation, that your use is for the sole purpose of 
programming logic devices manufactured by Altera and sold by 
Altera or its authorized distributors.  Please refer to the 
applicable agreement for further details.



+-------------------------------------------------------------------------+
; Analysis & Synthesis Summary                                            ;
+-------------------------------+-----------------------------------------+
; Analysis & Synthesis Status   ; Successful - Wed May 16 18:12:57 2018   ;
; Quartus II Version            ; 9.1 Build 222 10/21/2009 SJ Web Edition ;
; Revision Name                 ; CPU_WITH_MEMORY                         ;
; Top-level Entity Name         ; STACK_TEST                              ;
; Family                        ; Stratix II                              ;
; Logic utilization             ; N/A                                     ;
;     Combinational ALUTs       ; 44                                      ;
;     Dedicated logic registers ; 83                                      ;
; Total registers               ; 83                                      ;
; Total pins                    ; 38                                      ;
; Total virtual pins            ; 0                                       ;
; Total block memory bits       ; 0                                       ;
; DSP block 9-bit elements      ; 0                                       ;
; Total PLLs                    ; 0                                       ;
; Total DLLs                    ; 0                                       ;
+-------------------------------+-----------------------------------------+


+----------------------------------------------------------------------------------------------------------------------+
; Analysis & Synthesis Settings                                                                                        ;
+----------------------------------------------------------------------------+--------------------+--------------------+
; Option                                                                     ; Setting            ; Default Value      ;
+----------------------------------------------------------------------------+--------------------+--------------------+
; Top-level entity name                                                      ; STACK_TEST         ; CPU_WITH_MEMORY    ;
; Family name                                                                ; Stratix II         ; Stratix II         ;
; Use Generated Physical Constraints File                                    ; Off                ;                    ;
; Use smart compilation                                                      ; Off                ; Off                ;
; Enable parallel Assembler and TimeQuest Timing Analyzer during compilation ; On                 ; On                 ;
; Enable compact report table                                                ; Off                ; Off                ;
; Restructure Multiplexers                                                   ; Auto               ; Auto               ;
; Create Debugging Nodes for IP Cores                                        ; Off                ; Off                ;
; Preserve fewer node names                                                  ; On                 ; On                 ;
; Disable OpenCore Plus hardware evaluation                                  ; Off                ; Off                ;
; Verilog Version                                                            ; Verilog_2001       ; Verilog_2001       ;
; VHDL Version                                                               ; VHDL_1993          ; VHDL_1993          ;
; State Machine Processing                                                   ; Auto               ; Auto               ;
; Safe State Machine                                                         ; Off                ; Off                ;
; Extract Verilog State Machines                                             ; On                 ; On                 ;
; Extract VHDL State Machines                                                ; On                 ; On                 ;
; Ignore Verilog initial constructs                                          ; Off                ; Off                ;
; Iteration limit for constant Verilog loops                                 ; 5000               ; 5000               ;
; Iteration limit for non-constant Verilog loops                             ; 250                ; 250                ;
; Add Pass-Through Logic to Inferred RAMs                                    ; On                 ; On                 ;
; Parallel Synthesis                                                         ; On                 ; On                 ;
; DSP Block Balancing                                                        ; Auto               ; Auto               ;
; NOT Gate Push-Back                                                         ; On                 ; On                 ;
; Power-Up Don't Care                                                        ; On                 ; On                 ;
; Remove Redundant Logic Cells                                               ; Off                ; Off                ;
; Remove Duplicate Registers                                                 ; On                 ; On                 ;
; Ignore CARRY Buffers                                                       ; Off                ; Off                ;
; Ignore CASCADE Buffers                                                     ; Off                ; Off                ;
; Ignore GLOBAL Buffers                                                      ; Off                ; Off                ;
; Ignore ROW GLOBAL Buffers                                                  ; Off                ; Off                ;
; Ignore LCELL Buffers                                                       ; Off                ; Off                ;
; Ignore SOFT Buffers                                                        ; On                 ; On                 ;
; Limit AHDL Integers to 32 Bits                                             ; Off                ; Off                ;
; Optimization Technique                                                     ; Balanced           ; Balanced           ;
; Carry Chain Length                                                         ; 70                 ; 70                 ;
; Auto Carry Chains                                                          ; On                 ; On                 ;
; Auto Open-Drain Pins                                                       ; On                 ; On                 ;
; Perform WYSIWYG Primitive Resynthesis                                      ; Off                ; Off                ;
; Auto ROM Replacement                                                       ; On                 ; On                 ;
; Auto RAM Replacement                                                       ; On                 ; On                 ;
; Auto DSP Block Replacement                                                 ; On                 ; On                 ;
; Auto Shift Register Replacement                                            ; Auto               ; Auto               ;
; Auto Clock Enable Replacement                                              ; On                 ; On                 ;
; Strict RAM Replacement                                                     ; Off                ; Off                ;
; Allow Synchronous Control Signals                                          ; On                 ; On                 ;
; Force Use of Synchronous Clear Signals                                     ; Off                ; Off                ;
; Auto RAM Block Balancing                                                   ; On                 ; On                 ;
; Auto RAM to Logic Cell Conversion                                          ; Off                ; Off                ;
; Auto Resource Sharing                                                      ; Off                ; Off                ;
; Allow Any RAM Size For Recognition                                         ; Off                ; Off                ;
; Allow Any ROM Size For Recognition                                         ; Off                ; Off                ;
; Allow Any Shift Register Size For Recognition                              ; Off                ; Off                ;
; Use LogicLock Constraints during Resource Balancing                        ; On                 ; On                 ;
; Ignore translate_off and synthesis_off directives                          ; Off                ; Off                ;
; Timing-Driven Synthesis                                                    ; Off                ; Off                ;
; Show Parameter Settings Tables in Synthesis Report                         ; On                 ; On                 ;
; Ignore Maximum Fan-Out Assignments                                         ; Off                ; Off                ;
; Synchronization Register Chain Length                                      ; 2                  ; 2                  ;
; PowerPlay Power Optimization                                               ; Normal compilation ; Normal compilation ;
; HDL message level                                                          ; Level2             ; Level2             ;
; Suppress Register Optimization Related Messages                            ; Off                ; Off                ;
; Number of Removed Registers Reported in Synthesis Report                   ; 100                ; 100                ;
; Number of Inverted Registers Reported in Synthesis Report                  ; 100                ; 100                ;
; Clock MUX Protection                                                       ; On                 ; On                 ;
; Auto Gated Clock Conversion                                                ; Off                ; Off                ;
; Block Design Naming                                                        ; Auto               ; Auto               ;
; SDC constraint protection                                                  ; Off                ; Off                ;
; Synthesis Effort                                                           ; Auto               ; Auto               ;
; Shift Register Replacement - Allow Asynchronous Clear Signal               ; On                 ; On                 ;
; Analysis & Synthesis Message Level                                         ; Medium             ; Medium             ;
; Disable Register Merging Across Hierarchies                                ; Auto               ; Auto               ;
; Resource Aware Inference For Block RAM                                     ; On                 ; On                 ;
+----------------------------------------------------------------------------+--------------------+--------------------+


Parallel compilation was disabled, but you have multiple processors available. Enable parallel compilation to reduce compilation time.
+-------------------------------------+
; Parallel Compilation                ;
+----------------------------+--------+
; Processors                 ; Number ;
+----------------------------+--------+
; Number detected on machine ; 2      ;
; Maximum allowed            ; 1      ;
+----------------------------+--------+


+-------------------------------------------------------------------------------------------------------------------------------------------------------------------------------+
; Analysis & Synthesis Source Files Read                                                                                                                                        ;
+------------------------------------------+-----------------+------------------------------------+-----------------------------------------------------------------------------+
; File Name with User-Entered Path         ; Used in Netlist ; File Type                          ; File Name with Absolute Path                                                ;
+------------------------------------------+-----------------+------------------------------------+-----------------------------------------------------------------------------+
; STACK_POINTER_COUNTER.vhd                ; yes             ; User Wizard-Generated File         ; D:/University/6th sem/SiFO/kursach/STACK_POINTER_COUNTER.vhd                ;
; STACK.bdf                                ; yes             ; User Block Diagram/Schematic File  ; D:/University/6th sem/SiFO/kursach/STACK.bdf                                ;
; STACK_POINTER_ASYNC_CLEAR_COMPARATOR.vhd ; yes             ; User Wizard-Generated File         ; D:/University/6th sem/SiFO/kursach/STACK_POINTER_ASYNC_CLEAR_COMPARATOR.vhd ;
; STACK_POINTER_ASYNC_SET_COMPARATOR.vhd   ; yes             ; User Wizard-Generated File         ; D:/University/6th sem/SiFO/kursach/STACK_POINTER_ASYNC_SET_COMPARATOR.vhd   ;
; STACK_REGISTER.vhd                       ; yes             ; User Wizard-Generated File         ; D:/University/6th sem/SiFO/kursach/STACK_REGISTER.vhd                       ;
; STACK_POINTER_DECODER.vhd                ; yes             ; User Wizard-Generated File         ; D:/University/6th sem/SiFO/kursach/STACK_POINTER_DECODER.vhd                ;
; STACK_OUTPUT_MUX.vhd                     ; yes             ; User Wizard-Generated File         ; D:/University/6th sem/SiFO/kursach/STACK_OUTPUT_MUX.vhd                     ;
; STACK_OUT_BUSTRI.vhd                     ; yes             ; User Wizard-Generated File         ; D:/University/6th sem/SiFO/kursach/STACK_OUT_BUSTRI.vhd                     ;
; STACK_TEST.bdf                           ; yes             ; User Block Diagram/Schematic File  ; D:/University/6th sem/SiFO/kursach/STACK_TEST.bdf                           ;
; lpm_bustri.tdf                           ; yes             ; Megafunction                       ; d:/quartus/quartus/libraries/megafunctions/lpm_bustri.tdf                   ;
; lpm_mux.tdf                              ; yes             ; Megafunction                       ; d:/quartus/quartus/libraries/megafunctions/lpm_mux.tdf                      ;
; db/mux_t5e.tdf                           ; yes             ; Auto-Generated Megafunction        ; D:/University/6th sem/SiFO/kursach/db/mux_t5e.tdf                           ;
; lpm_ff.tdf                               ; yes             ; Megafunction                       ; d:/quartus/quartus/libraries/megafunctions/lpm_ff.tdf                       ;
; lpm_decode.tdf                           ; yes             ; Megafunction                       ; d:/quartus/quartus/libraries/megafunctions/lpm_decode.tdf                   ;
; db/decode_u7f.tdf                        ; yes             ; Auto-Generated Megafunction        ; D:/University/6th sem/SiFO/kursach/db/decode_u7f.tdf                        ;
; lpm_counter.tdf                          ; yes             ; Megafunction                       ; d:/quartus/quartus/libraries/megafunctions/lpm_counter.tdf                  ;
; db/cntr_afi.tdf                          ; yes             ; Auto-Generated Megafunction        ; D:/University/6th sem/SiFO/kursach/db/cntr_afi.tdf                          ;
; lpm_compare.tdf                          ; yes             ; Megafunction                       ; d:/quartus/quartus/libraries/megafunctions/lpm_compare.tdf                  ;
; db/cmpr_h8j.tdf                          ; yes             ; Auto-Generated Megafunction        ; D:/University/6th sem/SiFO/kursach/db/cmpr_h8j.tdf                          ;
+------------------------------------------+-----------------+------------------------------------+-----------------------------------------------------------------------------+


+-------------------------------------------------------+
; Analysis & Synthesis Resource Usage Summary           ;
+-----------------------------------------------+-------+
; Resource                                      ; Usage ;
+-----------------------------------------------+-------+
; Estimated ALUTs Used                          ; 44    ;
; Dedicated logic registers                     ; 83    ;
;                                               ;       ;
; Estimated ALUTs Unavailable                   ; 0     ;
;                                               ;       ;
; Total combinational functions                 ; 44    ;
; Combinational ALUT usage by number of inputs  ;       ;
;     -- 7 input functions                      ; 0     ;
;     -- 6 input functions                      ; 16    ;
;     -- 5 input functions                      ; 10    ;
;     -- 4 input functions                      ; 6     ;
;     -- <=3 input functions                    ; 12    ;
;                                               ;       ;
; Combinational ALUTs by mode                   ;       ;
;     -- normal mode                            ; 41    ;
;     -- extended LUT mode                      ; 0     ;
;     -- arithmetic mode                        ; 3     ;
;     -- shared arithmetic mode                 ; 0     ;
;                                               ;       ;
; Estimated ALUT/register pairs used            ; 114   ;
;                                               ;       ;
; Total registers                               ; 83    ;
;     -- Dedicated logic registers              ; 83    ;
;     -- I/O registers                          ; 0     ;
;                                               ;       ;
; Estimated ALMs:  partially or completely used ; 57    ;
;                                               ;       ;
; I/O pins                                      ; 38    ;
; Maximum fan-out node                          ; PUSH  ;
; Maximum fan-out                               ; 80    ;
; Total fan-out                                 ; 489   ;
; Average fan-out                               ; 2.96  ;
+-----------------------------------------------+-------+


+-------------------------------------------------------------------------------------------------------------------------------------------------------------------------------------------------------------------------------------------------------------------------------------------------------------------------------+
; Analysis & Synthesis Resource Utilization by Entity                                                                                                                                                                                                                                                                           ;
+----------------------------------------------------+-------------------+--------------+-------------------+--------------+---------+-----------+-----------+------+--------------+-----------------------------------------------------------------------------------------------------------------------------+--------------+
; Compilation Hierarchy Node                         ; LC Combinationals ; LC Registers ; Block Memory Bits ; DSP Elements ; DSP 9x9 ; DSP 18x18 ; DSP 36x36 ; Pins ; Virtual Pins ; Full Hierarchy Name                                                                                                         ; Library Name ;
+----------------------------------------------------+-------------------+--------------+-------------------+--------------+---------+-----------+-----------+------+--------------+-----------------------------------------------------------------------------------------------------------------------------+--------------+
; |STACK_TEST                                        ; 44 (1)            ; 83 (0)       ; 0                 ; 0            ; 0       ; 0         ; 0         ; 38   ; 0            ; |STACK_TEST                                                                                                                 ; work         ;
;    |STACK:inst|                                    ; 43 (0)            ; 83 (0)       ; 0                 ; 0            ; 0       ; 0         ; 0         ; 0    ; 0            ; |STACK_TEST|STACK:inst                                                                                                      ;              ;
;       |STACK_OUTPUT_MUX:inst10|                    ; 33 (0)            ; 0 (0)        ; 0                 ; 0            ; 0       ; 0         ; 0         ; 0    ; 0            ; |STACK_TEST|STACK:inst|STACK_OUTPUT_MUX:inst10                                                                              ; work         ;
;          |lpm_mux:lpm_mux_component|               ; 33 (0)            ; 0 (0)        ; 0                 ; 0            ; 0       ; 0         ; 0         ; 0    ; 0            ; |STACK_TEST|STACK:inst|STACK_OUTPUT_MUX:inst10|lpm_mux:lpm_mux_component                                                    ; work         ;
;             |mux_t5e:auto_generated|               ; 33 (33)           ; 0 (0)        ; 0                 ; 0            ; 0       ; 0         ; 0         ; 0    ; 0            ; |STACK_TEST|STACK:inst|STACK_OUTPUT_MUX:inst10|lpm_mux:lpm_mux_component|mux_t5e:auto_generated                             ; work         ;
;       |STACK_POINTER_ASYNC_CLEAR_COMPARATOR:inst2| ; 1 (0)             ; 0 (0)        ; 0                 ; 0            ; 0       ; 0         ; 0         ; 0    ; 0            ; |STACK_TEST|STACK:inst|STACK_POINTER_ASYNC_CLEAR_COMPARATOR:inst2                                                           ; work         ;
;          |lpm_compare:lpm_compare_component|       ; 1 (0)             ; 0 (0)        ; 0                 ; 0            ; 0       ; 0         ; 0         ; 0    ; 0            ; |STACK_TEST|STACK:inst|STACK_POINTER_ASYNC_CLEAR_COMPARATOR:inst2|lpm_compare:lpm_compare_component                         ; work         ;
;             |cmpr_h8j:auto_generated|              ; 1 (1)             ; 0 (0)        ; 0                 ; 0            ; 0       ; 0         ; 0         ; 0    ; 0            ; |STACK_TEST|STACK:inst|STACK_POINTER_ASYNC_CLEAR_COMPARATOR:inst2|lpm_compare:lpm_compare_component|cmpr_h8j:auto_generated ; work         ;
;       |STACK_POINTER_ASYNC_SET_COMPARATOR:inst3|   ; 1 (0)             ; 0 (0)        ; 0                 ; 0            ; 0       ; 0         ; 0         ; 0    ; 0            ; |STACK_TEST|STACK:inst|STACK_POINTER_ASYNC_SET_COMPARATOR:inst3                                                             ; work         ;
;          |lpm_compare:lpm_compare_component|       ; 1 (0)             ; 0 (0)        ; 0                 ; 0            ; 0       ; 0         ; 0         ; 0    ; 0            ; |STACK_TEST|STACK:inst|STACK_POINTER_ASYNC_SET_COMPARATOR:inst3|lpm_compare:lpm_compare_component                           ; work         ;
;             |cmpr_h8j:auto_generated|              ; 1 (1)             ; 0 (0)        ; 0                 ; 0            ; 0       ; 0         ; 0         ; 0    ; 0            ; |STACK_TEST|STACK:inst|STACK_POINTER_ASYNC_SET_COMPARATOR:inst3|lpm_compare:lpm_compare_component|cmpr_h8j:auto_generated   ; work         ;
;       |STACK_POINTER_COUNTER:inst|                 ; 3 (0)             ; 3 (0)        ; 0                 ; 0            ; 0       ; 0         ; 0         ; 0    ; 0            ; |STACK_TEST|STACK:inst|STACK_POINTER_COUNTER:inst                                                                           ; work         ;
;          |lpm_counter:lpm_counter_component|       ; 3 (0)             ; 3 (0)        ; 0                 ; 0            ; 0       ; 0         ; 0         ; 0    ; 0            ; |STACK_TEST|STACK:inst|STACK_POINTER_COUNTER:inst|lpm_counter:lpm_counter_component                                         ; work         ;
;             |cntr_afi:auto_generated|              ; 3 (3)             ; 3 (3)        ; 0                 ; 0            ; 0       ; 0         ; 0         ; 0    ; 0            ; |STACK_TEST|STACK:inst|STACK_POINTER_COUNTER:inst|lpm_counter:lpm_counter_component|cntr_afi:auto_generated                 ; work         ;
;       |STACK_POINTER_DECODER:inst9|                ; 5 (0)             ; 0 (0)        ; 0                 ; 0            ; 0       ; 0         ; 0         ; 0    ; 0            ; |STACK_TEST|STACK:inst|STACK_POINTER_DECODER:inst9                                                                          ; work         ;
;          |lpm_decode:lpm_decode_component|         ; 5 (0)             ; 0 (0)        ; 0                 ; 0            ; 0       ; 0         ; 0         ; 0    ; 0            ; |STACK_TEST|STACK:inst|STACK_POINTER_DECODER:inst9|lpm_decode:lpm_decode_component                                          ; work         ;
;             |decode_u7f:auto_generated|            ; 5 (5)             ; 0 (0)        ; 0                 ; 0            ; 0       ; 0         ; 0         ; 0    ; 0            ; |STACK_TEST|STACK:inst|STACK_POINTER_DECODER:inst9|lpm_decode:lpm_decode_component|decode_u7f:auto_generated                ; work         ;
;       |STACK_REGISTER:inst4|                       ; 0 (0)             ; 16 (0)       ; 0                 ; 0            ; 0       ; 0         ; 0         ; 0    ; 0            ; |STACK_TEST|STACK:inst|STACK_REGISTER:inst4                                                                                 ; work         ;
;          |lpm_ff:lpm_ff_component|                 ; 0 (0)             ; 16 (16)      ; 0                 ; 0            ; 0       ; 0         ; 0         ; 0    ; 0            ; |STACK_TEST|STACK:inst|STACK_REGISTER:inst4|lpm_ff:lpm_ff_component                                                         ; work         ;
;       |STACK_REGISTER:inst5|                       ; 0 (0)             ; 16 (0)       ; 0                 ; 0            ; 0       ; 0         ; 0         ; 0    ; 0            ; |STACK_TEST|STACK:inst|STACK_REGISTER:inst5                                                                                 ; work         ;
;          |lpm_ff:lpm_ff_component|                 ; 0 (0)             ; 16 (16)      ; 0                 ; 0            ; 0       ; 0         ; 0         ; 0    ; 0            ; |STACK_TEST|STACK:inst|STACK_REGISTER:inst5|lpm_ff:lpm_ff_component                                                         ; work         ;
;       |STACK_REGISTER:inst6|                       ; 0 (0)             ; 16 (0)       ; 0                 ; 0            ; 0       ; 0         ; 0         ; 0    ; 0            ; |STACK_TEST|STACK:inst|STACK_REGISTER:inst6                                                                                 ; work         ;
;          |lpm_ff:lpm_ff_component|                 ; 0 (0)             ; 16 (16)      ; 0                 ; 0            ; 0       ; 0         ; 0         ; 0    ; 0            ; |STACK_TEST|STACK:inst|STACK_REGISTER:inst6|lpm_ff:lpm_ff_component                                                         ; work         ;
;       |STACK_REGISTER:inst7|                       ; 0 (0)             ; 16 (0)       ; 0                 ; 0            ; 0       ; 0         ; 0         ; 0    ; 0            ; |STACK_TEST|STACK:inst|STACK_REGISTER:inst7                                                                                 ; work         ;
;          |lpm_ff:lpm_ff_component|                 ; 0 (0)             ; 16 (16)      ; 0                 ; 0            ; 0       ; 0         ; 0         ; 0    ; 0            ; |STACK_TEST|STACK:inst|STACK_REGISTER:inst7|lpm_ff:lpm_ff_component                                                         ; work         ;
;       |STACK_REGISTER:inst8|                       ; 0 (0)             ; 16 (0)       ; 0                 ; 0            ; 0       ; 0         ; 0         ; 0    ; 0            ; |STACK_TEST|STACK:inst|STACK_REGISTER:inst8                                                                                 ; work         ;
;          |lpm_ff:lpm_ff_component|                 ; 0 (0)             ; 16 (16)      ; 0                 ; 0            ; 0       ; 0         ; 0         ; 0    ; 0            ; |STACK_TEST|STACK:inst|STACK_REGISTER:inst8|lpm_ff:lpm_ff_component                                                         ; work         ;
+----------------------------------------------------+-------------------+--------------+-------------------+--------------+---------+-----------+-----------+------+--------------+-----------------------------------------------------------------------------------------------------------------------------+--------------+
Note: For table entries with two numbers listed, the numbers in parentheses indicate the number of resources of the given type used by the specific entity alone. The numbers listed outside of parentheses indicate the total resources of the given type used by the specific entity and all of its sub-entities in the hierarchy.


+------------------------------------------------------+
; General Register Statistics                          ;
+----------------------------------------------+-------+
; Statistic                                    ; Value ;
+----------------------------------------------+-------+
; Total registers                              ; 83    ;
; Number of registers using Synchronous Clear  ; 0     ;
; Number of registers using Synchronous Load   ; 0     ;
; Number of registers using Asynchronous Clear ; 3     ;
; Number of registers using Asynchronous Load  ; 3     ;
; Number of registers using Clock Enable       ; 80    ;
; Number of registers using Preset             ; 0     ;
+----------------------------------------------+-------+


+-------------------------------------------------------------------------------------------------------------------------------------------------------------------------------------------------------------------------------------+
; Multiplexer Restructuring Statistics (Restructuring Performed)                                                                                                                                                                      ;
+--------------------+-----------+---------------+----------------------+------------------------+------------+-----------------------------------------------------------------------------------------------------------------------+
; Multiplexer Inputs ; Bus Width ; Baseline Area ; Area if Restructured ; Saving if Restructured ; Registered ; Example Multiplexer Output                                                                                            ;
+--------------------+-----------+---------------+----------------------+------------------------+------------+-----------------------------------------------------------------------------------------------------------------------+
; 5:1                ; 16 bits   ; 48 ALUTs      ; 48 ALUTs             ; 0 ALUTs                ; No         ; |STACK_TEST|STACK:inst|STACK_OUTPUT_MUX:inst10|lpm_mux:lpm_mux_component|mux_t5e:auto_generated|l3_w15_n0_mux_dataout ;
+--------------------+-----------+---------------+----------------------+------------------------+------------+-----------------------------------------------------------------------------------------------------------------------+


+------------------------------------------------------------------------------------------------+
; Source assignments for STACK:inst|STACK_POINTER_COUNTER:inst|lpm_counter:lpm_counter_component ;
+---------------------------+-------+------+-----------------------------------------------------+
; Assignment                ; Value ; From ; To                                                  ;
+---------------------------+-------+------+-----------------------------------------------------+
; SUPPRESS_DA_RULE_INTERNAL ; a101  ; -    ; -                                                   ;
; SUPPRESS_DA_RULE_INTERNAL ; s102  ; -    ; -                                                   ;
; SUPPRESS_DA_RULE_INTERNAL ; s103  ; -    ; -                                                   ;
+---------------------------+-------+------+-----------------------------------------------------+


+-----------------------------------------------------------------------------------------------------------------+
; Parameter Settings for User Entity Instance: STACK:inst|STACK_OUT_BUSTRI:inst11|lpm_bustri:lpm_bustri_component ;
+----------------+-------+----------------------------------------------------------------------------------------+
; Parameter Name ; Value ; Type                                                                                   ;
+----------------+-------+----------------------------------------------------------------------------------------+
; LPM_WIDTH      ; 16    ; Signed Integer                                                                         ;
+----------------+-------+----------------------------------------------------------------------------------------+
Note: In order to hide this table in the UI and the text report file, please set the "Show Parameter Settings Tables in Synthesis Report" option in "Analysis and Synthesis Settings -> More Settings" to "Off".


+-----------------------------------------------------------------------------------------------------------+
; Parameter Settings for User Entity Instance: STACK:inst|STACK_OUTPUT_MUX:inst10|LPM_MUX:lpm_mux_component ;
+------------------------+------------+---------------------------------------------------------------------+
; Parameter Name         ; Value      ; Type                                                                ;
+------------------------+------------+---------------------------------------------------------------------+
; AUTO_CARRY_CHAINS      ; ON         ; AUTO_CARRY                                                          ;
; IGNORE_CARRY_BUFFERS   ; OFF        ; IGNORE_CARRY                                                        ;
; AUTO_CASCADE_CHAINS    ; ON         ; AUTO_CASCADE                                                        ;
; IGNORE_CASCADE_BUFFERS ; OFF        ; IGNORE_CASCADE                                                      ;
; LPM_WIDTH              ; 16         ; Signed Integer                                                      ;
; LPM_SIZE               ; 5          ; Signed Integer                                                      ;
; LPM_WIDTHS             ; 3          ; Signed Integer                                                      ;
; LPM_PIPELINE           ; 0          ; Signed Integer                                                      ;
; CBXI_PARAMETER         ; mux_t5e    ; Untyped                                                             ;
; DEVICE_FAMILY          ; Stratix II ; Untyped                                                             ;
+------------------------+------------+---------------------------------------------------------------------+
Note: In order to hide this table in the UI and the text report file, please set the "Show Parameter Settings Tables in Synthesis Report" option in "Analysis and Synthesis Settings -> More Settings" to "Off".


+------------------------------------------------------------------------------------------------------+
; Parameter Settings for User Entity Instance: STACK:inst|STACK_REGISTER:inst8|lpm_ff:lpm_ff_component ;
+------------------------+------------+----------------------------------------------------------------+
; Parameter Name         ; Value      ; Type                                                           ;
+------------------------+------------+----------------------------------------------------------------+
; LPM_WIDTH              ; 16         ; Signed Integer                                                 ;
; LPM_AVALUE             ; UNUSED     ; Untyped                                                        ;
; LPM_SVALUE             ; UNUSED     ; Untyped                                                        ;
; LPM_FFTYPE             ; DFF        ; Untyped                                                        ;
; DEVICE_FAMILY          ; Stratix II ; Untyped                                                        ;
; CBXI_PARAMETER         ; NOTHING    ; Untyped                                                        ;
; AUTO_CARRY_CHAINS      ; ON         ; AUTO_CARRY                                                     ;
; IGNORE_CARRY_BUFFERS   ; OFF        ; IGNORE_CARRY                                                   ;
; AUTO_CASCADE_CHAINS    ; ON         ; AUTO_CASCADE                                                   ;
; IGNORE_CASCADE_BUFFERS ; OFF        ; IGNORE_CASCADE                                                 ;
+------------------------+------------+----------------------------------------------------------------+
Note: In order to hide this table in the UI and the text report file, please set the "Show Parameter Settings Tables in Synthesis Report" option in "Analysis and Synthesis Settings -> More Settings" to "Off".


+---------------------------------------------------------------------------------------------------------------------+
; Parameter Settings for User Entity Instance: STACK:inst|STACK_POINTER_DECODER:inst9|lpm_decode:lpm_decode_component ;
+------------------------+------------+-------------------------------------------------------------------------------+
; Parameter Name         ; Value      ; Type                                                                          ;
+------------------------+------------+-------------------------------------------------------------------------------+
; LPM_WIDTH              ; 3          ; Signed Integer                                                                ;
; LPM_DECODES            ; 8          ; Signed Integer                                                                ;
; LPM_PIPELINE           ; 0          ; Untyped                                                                       ;
; CASCADE_CHAIN          ; MANUAL     ; Untyped                                                                       ;
; DEVICE_FAMILY          ; Stratix II ; Untyped                                                                       ;
; CBXI_PARAMETER         ; decode_u7f ; Untyped                                                                       ;
; AUTO_CARRY_CHAINS      ; ON         ; AUTO_CARRY                                                                    ;
; IGNORE_CARRY_BUFFERS   ; OFF        ; IGNORE_CARRY                                                                  ;
; AUTO_CASCADE_CHAINS    ; ON         ; AUTO_CASCADE                                                                  ;
; IGNORE_CASCADE_BUFFERS ; OFF        ; IGNORE_CASCADE                                                                ;
+------------------------+------------+-------------------------------------------------------------------------------+
Note: In order to hide this table in the UI and the text report file, please set the "Show Parameter Settings Tables in Synthesis Report" option in "Analysis and Synthesis Settings -> More Settings" to "Off".


+----------------------------------------------------------------------------------------------------------------------+
; Parameter Settings for User Entity Instance: STACK:inst|STACK_POINTER_COUNTER:inst|lpm_counter:lpm_counter_component ;
+------------------------+------------+--------------------------------------------------------------------------------+
; Parameter Name         ; Value      ; Type                                                                           ;
+------------------------+------------+--------------------------------------------------------------------------------+
; AUTO_CARRY_CHAINS      ; ON         ; AUTO_CARRY                                                                     ;
; IGNORE_CARRY_BUFFERS   ; OFF        ; IGNORE_CARRY                                                                   ;
; AUTO_CASCADE_CHAINS    ; ON         ; AUTO_CASCADE                                                                   ;
; IGNORE_CASCADE_BUFFERS ; OFF        ; IGNORE_CASCADE                                                                 ;
; LPM_WIDTH              ; 3          ; Signed Integer                                                                 ;
; LPM_DIRECTION          ; DEFAULT    ; Untyped                                                                        ;
; LPM_MODULUS            ; 0          ; Untyped                                                                        ;
; LPM_AVALUE             ; 4          ; Untyped                                                                        ;
; LPM_SVALUE             ; UNUSED     ; Untyped                                                                        ;
; LPM_PORT_UPDOWN        ; PORT_USED  ; Untyped                                                                        ;
; DEVICE_FAMILY          ; Stratix II ; Untyped                                                                        ;
; CARRY_CHAIN            ; MANUAL     ; Untyped                                                                        ;
; CARRY_CHAIN_LENGTH     ; 48         ; CARRY_CHAIN_LENGTH                                                             ;
; NOT_GATE_PUSH_BACK     ; ON         ; NOT_GATE_PUSH_BACK                                                             ;
; CARRY_CNT_EN           ; SMART      ; Untyped                                                                        ;
; LABWIDE_SCLR           ; ON         ; Untyped                                                                        ;
; USE_NEW_VERSION        ; TRUE       ; Untyped                                                                        ;
; CBXI_PARAMETER         ; cntr_afi   ; Untyped                                                                        ;
+------------------------+------------+--------------------------------------------------------------------------------+
Note: In order to hide this table in the UI and the text report file, please set the "Show Parameter Settings Tables in Synthesis Report" option in "Analysis and Synthesis Settings -> More Settings" to "Off".


+--------------------------------------------------------------------------------------------------------------------------------------+
; Parameter Settings for User Entity Instance: STACK:inst|STACK_POINTER_ASYNC_CLEAR_COMPARATOR:inst2|lpm_compare:lpm_compare_component ;
+------------------------+------------+------------------------------------------------------------------------------------------------+
; Parameter Name         ; Value      ; Type                                                                                           ;
+------------------------+------------+------------------------------------------------------------------------------------------------+
; lpm_width              ; 3          ; Signed Integer                                                                                 ;
; LPM_REPRESENTATION     ; UNSIGNED   ; Untyped                                                                                        ;
; LPM_PIPELINE           ; 0          ; Untyped                                                                                        ;
; CHAIN_SIZE             ; 8          ; Untyped                                                                                        ;
; ONE_INPUT_IS_CONSTANT  ; YES        ; Untyped                                                                                        ;
; CARRY_CHAIN            ; MANUAL     ; Untyped                                                                                        ;
; CASCADE_CHAIN          ; MANUAL     ; Untyped                                                                                        ;
; CARRY_CHAIN_LENGTH     ; 48         ; CARRY_CHAIN_LENGTH                                                                             ;
; CASCADE_CHAIN_LENGTH   ; 2          ; CASCADE_CHAIN_LENGTH                                                                           ;
; DEVICE_FAMILY          ; Stratix II ; Untyped                                                                                        ;
; CBXI_PARAMETER         ; cmpr_h8j   ; Untyped                                                                                        ;
; AUTO_CARRY_CHAINS      ; ON         ; AUTO_CARRY                                                                                     ;
; IGNORE_CARRY_BUFFERS   ; OFF        ; IGNORE_CARRY                                                                                   ;
; AUTO_CASCADE_CHAINS    ; ON         ; AUTO_CASCADE                                                                                   ;
; IGNORE_CASCADE_BUFFERS ; OFF        ; IGNORE_CASCADE                                                                                 ;
+------------------------+------------+------------------------------------------------------------------------------------------------+
Note: In order to hide this table in the UI and the text report file, please set the "Show Parameter Settings Tables in Synthesis Report" option in "Analysis and Synthesis Settings -> More Settings" to "Off".


+------------------------------------------------------------------------------------------------------------------------------------+
; Parameter Settings for User Entity Instance: STACK:inst|STACK_POINTER_ASYNC_SET_COMPARATOR:inst3|lpm_compare:lpm_compare_component ;
+------------------------+------------+----------------------------------------------------------------------------------------------+
; Parameter Name         ; Value      ; Type                                                                                         ;
+------------------------+------------+----------------------------------------------------------------------------------------------+
; lpm_width              ; 3          ; Signed Integer                                                                               ;
; LPM_REPRESENTATION     ; UNSIGNED   ; Untyped                                                                                      ;
; LPM_PIPELINE           ; 0          ; Untyped                                                                                      ;
; CHAIN_SIZE             ; 8          ; Untyped                                                                                      ;
; ONE_INPUT_IS_CONSTANT  ; YES        ; Untyped                                                                                      ;
; CARRY_CHAIN            ; MANUAL     ; Untyped                                                                                      ;
; CASCADE_CHAIN          ; MANUAL     ; Untyped                                                                                      ;
; CARRY_CHAIN_LENGTH     ; 48         ; CARRY_CHAIN_LENGTH                                                                           ;
; CASCADE_CHAIN_LENGTH   ; 2          ; CASCADE_CHAIN_LENGTH                                                                         ;
; DEVICE_FAMILY          ; Stratix II ; Untyped                                                                                      ;
; CBXI_PARAMETER         ; cmpr_h8j   ; Untyped                                                                                      ;
; AUTO_CARRY_CHAINS      ; ON         ; AUTO_CARRY                                                                                   ;
; IGNORE_CARRY_BUFFERS   ; OFF        ; IGNORE_CARRY                                                                                 ;
; AUTO_CASCADE_CHAINS    ; ON         ; AUTO_CASCADE                                                                                 ;
; IGNORE_CASCADE_BUFFERS ; OFF        ; IGNORE_CASCADE                                                                               ;
+------------------------+------------+----------------------------------------------------------------------------------------------+
Note: In order to hide this table in the UI and the text report file, please set the "Show Parameter Settings Tables in Synthesis Report" option in "Analysis and Synthesis Settings -> More Settings" to "Off".


+------------------------------------------------------------------------------------------------------+
; Parameter Settings for User Entity Instance: STACK:inst|STACK_REGISTER:inst7|lpm_ff:lpm_ff_component ;
+------------------------+------------+----------------------------------------------------------------+
; Parameter Name         ; Value      ; Type                                                           ;
+------------------------+------------+----------------------------------------------------------------+
; LPM_WIDTH              ; 16         ; Signed Integer                                                 ;
; LPM_AVALUE             ; UNUSED     ; Untyped                                                        ;
; LPM_SVALUE             ; UNUSED     ; Untyped                                                        ;
; LPM_FFTYPE             ; DFF        ; Untyped                                                        ;
; DEVICE_FAMILY          ; Stratix II ; Untyped                                                        ;
; CBXI_PARAMETER         ; NOTHING    ; Untyped                                                        ;
; AUTO_CARRY_CHAINS      ; ON         ; AUTO_CARRY                                                     ;
; IGNORE_CARRY_BUFFERS   ; OFF        ; IGNORE_CARRY                                                   ;
; AUTO_CASCADE_CHAINS    ; ON         ; AUTO_CASCADE                                                   ;
; IGNORE_CASCADE_BUFFERS ; OFF        ; IGNORE_CASCADE                                                 ;
+------------------------+------------+----------------------------------------------------------------+
Note: In order to hide this table in the UI and the text report file, please set the "Show Parameter Settings Tables in Synthesis Report" option in "Analysis and Synthesis Settings -> More Settings" to "Off".


+------------------------------------------------------------------------------------------------------+
; Parameter Settings for User Entity Instance: STACK:inst|STACK_REGISTER:inst6|lpm_ff:lpm_ff_component ;
+------------------------+------------+----------------------------------------------------------------+
; Parameter Name         ; Value      ; Type                                                           ;
+------------------------+------------+----------------------------------------------------------------+
; LPM_WIDTH              ; 16         ; Signed Integer                                                 ;
; LPM_AVALUE             ; UNUSED     ; Untyped                                                        ;
; LPM_SVALUE             ; UNUSED     ; Untyped                                                        ;
; LPM_FFTYPE             ; DFF        ; Untyped                                                        ;
; DEVICE_FAMILY          ; Stratix II ; Untyped                                                        ;
; CBXI_PARAMETER         ; NOTHING    ; Untyped                                                        ;
; AUTO_CARRY_CHAINS      ; ON         ; AUTO_CARRY                                                     ;
; IGNORE_CARRY_BUFFERS   ; OFF        ; IGNORE_CARRY                                                   ;
; AUTO_CASCADE_CHAINS    ; ON         ; AUTO_CASCADE                                                   ;
; IGNORE_CASCADE_BUFFERS ; OFF        ; IGNORE_CASCADE                                                 ;
+------------------------+------------+----------------------------------------------------------------+
Note: In order to hide this table in the UI and the text report file, please set the "Show Parameter Settings Tables in Synthesis Report" option in "Analysis and Synthesis Settings -> More Settings" to "Off".


+------------------------------------------------------------------------------------------------------+
; Parameter Settings for User Entity Instance: STACK:inst|STACK_REGISTER:inst5|lpm_ff:lpm_ff_component ;
+------------------------+------------+----------------------------------------------------------------+
; Parameter Name         ; Value      ; Type                                                           ;
+------------------------+------------+----------------------------------------------------------------+
; LPM_WIDTH              ; 16         ; Signed Integer                                                 ;
; LPM_AVALUE             ; UNUSED     ; Untyped                                                        ;
; LPM_SVALUE             ; UNUSED     ; Untyped                                                        ;
; LPM_FFTYPE             ; DFF        ; Untyped                                                        ;
; DEVICE_FAMILY          ; Stratix II ; Untyped                                                        ;
; CBXI_PARAMETER         ; NOTHING    ; Untyped                                                        ;
; AUTO_CARRY_CHAINS      ; ON         ; AUTO_CARRY                                                     ;
; IGNORE_CARRY_BUFFERS   ; OFF        ; IGNORE_CARRY                                                   ;
; AUTO_CASCADE_CHAINS    ; ON         ; AUTO_CASCADE                                                   ;
; IGNORE_CASCADE_BUFFERS ; OFF        ; IGNORE_CASCADE                                                 ;
+------------------------+------------+----------------------------------------------------------------+
Note: In order to hide this table in the UI and the text report file, please set the "Show Parameter Settings Tables in Synthesis Report" option in "Analysis and Synthesis Settings -> More Settings" to "Off".


+------------------------------------------------------------------------------------------------------+
; Parameter Settings for User Entity Instance: STACK:inst|STACK_REGISTER:inst4|lpm_ff:lpm_ff_component ;
+------------------------+------------+----------------------------------------------------------------+
; Parameter Name         ; Value      ; Type                                                           ;
+------------------------+------------+----------------------------------------------------------------+
; LPM_WIDTH              ; 16         ; Signed Integer                                                 ;
; LPM_AVALUE             ; UNUSED     ; Untyped                                                        ;
; LPM_SVALUE             ; UNUSED     ; Untyped                                                        ;
; LPM_FFTYPE             ; DFF        ; Untyped                                                        ;
; DEVICE_FAMILY          ; Stratix II ; Untyped                                                        ;
; CBXI_PARAMETER         ; NOTHING    ; Untyped                                                        ;
; AUTO_CARRY_CHAINS      ; ON         ; AUTO_CARRY                                                     ;
; IGNORE_CARRY_BUFFERS   ; OFF        ; IGNORE_CARRY                                                   ;
; AUTO_CASCADE_CHAINS    ; ON         ; AUTO_CASCADE                                                   ;
; IGNORE_CASCADE_BUFFERS ; OFF        ; IGNORE_CASCADE                                                 ;
+------------------------+------------+----------------------------------------------------------------+
Note: In order to hide this table in the UI and the text report file, please set the "Show Parameter Settings Tables in Synthesis Report" option in "Analysis and Synthesis Settings -> More Settings" to "Off".


+-------------------------------+
; Analysis & Synthesis Messages ;
+-------------------------------+
Info: *******************************************************************
Info: Running Quartus II Analysis & Synthesis
    Info: Version 9.1 Build 222 10/21/2009 SJ Web Edition
    Info: Processing started: Wed May 16 18:12:51 2018
Info: Command: quartus_map --read_settings_files=on --write_settings_files=off CPU -c CPU_WITH_MEMORY
Warning: Tcl Script File NXOR.qip not found
    Info: set_global_assignment -name QIP_FILE NXOR.qip
Info: Found 2 design units, including 1 entities, in source file rom.vhd
    Info: Found design unit 1: rom-SYN
    Info: Found entity 1: ROM
Info: Found 1 design units, including 1 entities, in source file cpu_with_memory.bdf
    Info: Found entity 1: CPU_WITH_MEMORY
Info: Found 1 design units, including 1 entities, in source file cpu.bdf
    Info: Found entity 1: CPU
Info: Found 2 design units, including 1 entities, in source file rw_ram_bustri.vhd
    Info: Found design unit 1: rw_ram_bustri-SYN
    Info: Found entity 1: RW_RAM_BUSTRI
Info: Found 1 design units, including 1 entities, in source file control_device.bdf
    Info: Found entity 1: CONTROL_DEVICE
Info: Found 2 design units, including 1 entities, in source file cpu_cycle_decoder.vhd
    Info: Found design unit 1: cpu_cycle_decoder-SYN
    Info: Found entity 1: CPU_CYCLE_DECODER
Info: Found 2 design units, including 1 entities, in source file cpu_cycle_counter.vhd
    Info: Found design unit 1: cpu_cycle_counter-SYN
    Info: Found entity 1: CPU_CYCLE_COUNTER
Info: Found 2 design units, including 1 entities, in source file command_word_buffer.vhd
    Info: Found design unit 1: command_word_buffer-SYN
    Info: Found entity 1: COMMAND_WORD_BUFFER
Info: Found 2 design units, including 1 entities, in source file command_decoder.vhd
    Info: Found design unit 1: command_decoder-SYN
    Info: Found entity 1: COMMAND_DECODER
Info: Found 2 design units, including 1 entities, in source file ip_bustri.vhd
    Info: Found design unit 1: ip_bustri-SYN
    Info: Found entity 1: IP_BUSTRI
Info: Found 2 design units, including 1 entities, in source file cpu_cycle_reset_or.vhd
    Info: Found design unit 1: cpu_cycle_reset_or-SYN
    Info: Found entity 1: CPU_CYCLE_RESET_OR
Info: Found 2 design units, including 1 entities, in source file rom_out_bustri.vhd
    Info: Found design unit 1: rom_out_bustri-SYN
    Info: Found entity 1: ROM_OUT_BUSTRI
Info: Found 2 design units, including 1 entities, in source file ip_register.vhd
    Info: Found design unit 1: ip_register-SYN
    Info: Found entity 1: IP_REGISTER
Info: Found 2 design units, including 1 entities, in source file ip_counter.vhd
    Info: Found design unit 1: ip_counter-SYN
    Info: Found entity 1: IP_COUNTER
Info: Found 2 design units, including 1 entities, in source file new_ip_test.vhd
    Info: Found design unit 1: new_ip_test-SYN
    Info: Found entity 1: NEW_IP_TEST
Info: Found 1 design units, including 1 entities, in source file general_registers.bdf
    Info: Found entity 1: GENERAL_REGISTERS
Info: Found 2 design units, including 1 entities, in source file general_register.vhd
    Info: Found design unit 1: general_register-SYN
    Info: Found entity 1: GENERAL_REGISTER
Info: Found 2 design units, including 1 entities, in source file general_registers_decoder.vhd
    Info: Found design unit 1: general_registers_decoder-SYN
    Info: Found entity 1: GENERAL_REGISTERS_DECODER
Info: Found 2 design units, including 1 entities, in source file general_register_read_mux.vhd
    Info: Found design unit 1: general_register_read_mux-SYN
    Info: Found entity 1: GENERAL_REGISTER_READ_MUX
Info: Found 2 design units, including 1 entities, in source file general_register_read_bustri.vhd
    Info: Found design unit 1: general_register_read_bustri-SYN
    Info: Found entity 1: GENERAL_REGISTER_READ_BUSTRI
Info: Found 2 design units, including 1 entities, in source file ram_address_bustri.vhd
    Info: Found design unit 1: ram_address_bustri-SYN
    Info: Found entity 1: RAM_ADDRESS_BUSTRI
Info: Found 2 design units, including 1 entities, in source file ram_direct_address.vhd
    Info: Found design unit 1: ram_direct_address-SYN
    Info: Found entity 1: RAM_DIRECT_ADDRESS
Info: Found 2 design units, including 1 entities, in source file indirect_addressing_mux.vhd
    Info: Found design unit 1: indirect_addressing_mux-SYN
    Info: Found entity 1: INDIRECT_ADDRESSING_MUX
Info: Found 2 design units, including 1 entities, in source file single_bustri.vhd
    Info: Found design unit 1: single_bustri-SYN
    Info: Found entity 1: SINGLE_BUSTRI
Info: Found 2 design units, including 1 entities, in source file ram_indirect_address_bustri.vhd
    Info: Found design unit 1: ram_indirect_address_bustri-SYN
    Info: Found entity 1: RAM_INDIRECT_ADDRESS_BUSTRI
Info: Found 2 design units, including 1 entities, in source file ram_outenab_mux.vhd
    Info: Found design unit 1: ram_outenab_mux-SYN
    Info: Found entity 1: RAM_OUTENAB_MUX
Info: Found 2 design units, including 1 entities, in source file lpm_ff0.vhd
    Info: Found design unit 1: lpm_ff0-SYN
    Info: Found entity 1: lpm_ff0
Info: Found 1 design units, including 1 entities, in source file alu.bdf
    Info: Found entity 1: ALU
Info: Found 2 design units, including 1 entities, in source file incs_counter.vhd
    Info: Found design unit 1: incs_counter-SYN
    Info: Found entity 1: INCS_COUNTER
Info: Found 2 design units, including 1 entities, in source file alu_result_bustri.vhd
    Info: Found design unit 1: alu_result_bustri-SYN
    Info: Found entity 1: ALU_RESULT_BUSTRI
Info: Found 2 design units, including 1 entities, in source file s_flag.vhd
    Info: Found design unit 1: s_flag-SYN
    Info: Found entity 1: S_FLAG
Info: Found 2 design units, including 1 entities, in source file z_flag.vhd
    Info: Found design unit 1: z_flag-SYN
    Info: Found entity 1: Z_FLAG
Info: Found 2 design units, including 1 entities, in source file c_flag.vhd
    Info: Found design unit 1: c_flag-SYN
    Info: Found entity 1: C_FLAG
Info: Found 2 design units, including 1 entities, in source file z_flag_or.vhd
    Info: Found design unit 1: z_flag_or-SYN
    Info: Found entity 1: Z_FLAG_OR
Info: Found 2 design units, including 1 entities, in source file notz_xor.vhd
    Info: Found design unit 1: notz_xor-SYN
    Info: Found entity 1: NOTZ_XOR
Info: Found 2 design units, including 1 entities, in source file nxor_invertor.vhd
    Info: Found design unit 1: nxor_invertor-SYN
    Info: Found entity 1: NXOR_INVERTOR
Info: Found 2 design units, including 1 entities, in source file notz_invertor.vhd
    Info: Found design unit 1: notz_invertor-SYN
    Info: Found entity 1: NOTZ_INVERTOR
Info: Found 1 design units, including 1 entities, in source file alu_test.bdf
    Info: Found entity 1: ALU_TEST
Info: Found 2 design units, including 1 entities, in source file nxor_xor.vhd
    Info: Found design unit 1: nxor_xor-SYN
    Info: Found entity 1: NXOR_XOR
Info: Found 2 design units, including 1 entities, in source file incs_load_bustri.vhd
    Info: Found design unit 1: incs_load_bustri-SYN
    Info: Found entity 1: INCS_LOAD_BUSTRI
Info: Found 2 design units, including 1 entities, in source file alu_in_operand_mux.vhd
    Info: Found design unit 1: alu_in_operand_mux-SYN
    Info: Found entity 1: ALU_IN_OPERAND_MUX
Info: Found 2 design units, including 1 entities, in source file alu_input_bustri.vhd
    Info: Found design unit 1: alu_input_bustri-SYN
    Info: Found entity 1: ALU_INPUT_BUSTRI
Info: Found 2 design units, including 1 entities, in source file alu_output_bustri.vhd
    Info: Found design unit 1: alu_output_bustri-SYN
    Info: Found entity 1: ALU_OUTPUT_BUSTRI
Info: Found 2 design units, including 1 entities, in source file gen_reg_data_mux.vhd
    Info: Found design unit 1: gen_reg_data_mux-SYN
    Info: Found entity 1: GEN_REG_DATA_MUX
Info: Found 2 design units, including 1 entities, in source file cpu_data_bus_out_mux.vhd
    Info: Found design unit 1: cpu_data_bus_out_mux-SYN
    Info: Found entity 1: CPU_DATA_BUS_OUT_MUX
Info: Found 2 design units, including 1 entities, in source file alu_notz_register.vhd
    Info: Found design unit 1: alu_notz_register-SYN
    Info: Found entity 1: ALU_NOTZ_REGISTER
Info: Found 2 design units, including 1 entities, in source file alu_notz_out_mux.vhd
    Info: Found design unit 1: alu_notz_out_mux-SYN
    Info: Found entity 1: ALU_NOTZ_OUT_MUX
Info: Found 2 design units, including 1 entities, in source file stack_pointer_counter.vhd
    Info: Found design unit 1: stack_pointer_counter-SYN
    Info: Found entity 1: STACK_POINTER_COUNTER
Info: Found 1 design units, including 1 entities, in source file stack.bdf
    Info: Found entity 1: STACK
Info: Found 2 design units, including 1 entities, in source file stack_pointer_async_clear_comparator.vhd
    Info: Found design unit 1: stack_pointer_async_clear_comparator-SYN
    Info: Found entity 1: STACK_POINTER_ASYNC_CLEAR_COMPARATOR
Info: Found 2 design units, including 1 entities, in source file stack_pointer_async_set_comparator.vhd
    Info: Found design unit 1: stack_pointer_async_set_comparator-SYN
    Info: Found entity 1: STACK_POINTER_ASYNC_SET_COMPARATOR
Info: Found 2 design units, including 1 entities, in source file stack_register.vhd
    Info: Found design unit 1: stack_register-SYN
    Info: Found entity 1: STACK_REGISTER
Info: Found 2 design units, including 1 entities, in source file stack_pointer_decoder.vhd
    Info: Found design unit 1: stack_pointer_decoder-SYN
    Info: Found entity 1: STACK_POINTER_DECODER
Info: Found 2 design units, including 1 entities, in source file stack_output_mux.vhd
    Info: Found design unit 1: stack_output_mux-SYN
    Info: Found entity 1: STACK_OUTPUT_MUX
Info: Found 2 design units, including 1 entities, in source file stack_out_bustri.vhd
    Info: Found design unit 1: stack_out_bustri-SYN
    Info: Found entity 1: STACK_OUT_BUSTRI
Info: Found 1 design units, including 1 entities, in source file stack_test.bdf
    Info: Found entity 1: STACK_TEST
Info: Found 2 design units, including 1 entities, in source file alu_nxor_first_register.vhd
    Info: Found design unit 1: alu_nxor_first_register-SYN
    Info: Found entity 1: ALU_NXOR_FIRST_REGISTER
Info: Found 2 design units, including 1 entities, in source file alu_nxor_second_register.vhd
    Info: Found design unit 1: alu_nxor_second_register-SYN
    Info: Found entity 1: ALU_NXOR_SECOND_REGISTER
Info: Found 2 design units, including 1 entities, in source file nxor_second_operand_id_mux.vhd
    Info: Found design unit 1: nxor_second_operand_id_mux-SYN
    Info: Found entity 1: NXOR_SECOND_OPERAND_ID_MUX
Info: Found 2 design units, including 1 entities, in source file alu_sra_shift_register.vhd
    Info: Found design unit 1: alu_sra_shift_register-SYN
    Info: Found entity 1: ALU_SRA_SHIFT_REGISTER
Info: Found 2 design units, including 1 entities, in source file alu_sra_register.vhd
    Info: Found design unit 1: alu_sra_register-SYN
    Info: Found entity 1: ALU_SRA_REGISTER
Info: Found 2 design units, including 1 entities, in source file sra_distance_register.vhd
    Info: Found design unit 1: sra_distance_register-SYN
    Info: Found entity 1: SRA_DISTANCE_REGISTER
Info: Found 2 design units, including 1 entities, in source file sra_distance_mux.vhd
    Info: Found design unit 1: sra_distance_mux-SYN
    Info: Found entity 1: SRA_DISTANCE_MUX
Info: Elaborating entity "STACK_TEST" for the top level hierarchy
Info: Elaborating entity "STACK" for hierarchy "STACK:inst"
Info: Elaborating entity "STACK_OUT_BUSTRI" for hierarchy "STACK:inst|STACK_OUT_BUSTRI:inst11"
Info: Elaborating entity "lpm_bustri" for hierarchy "STACK:inst|STACK_OUT_BUSTRI:inst11|lpm_bustri:lpm_bustri_component"
Info: Elaborated megafunction instantiation "STACK:inst|STACK_OUT_BUSTRI:inst11|lpm_bustri:lpm_bustri_component"
Info: Instantiated megafunction "STACK:inst|STACK_OUT_BUSTRI:inst11|lpm_bustri:lpm_bustri_component" with the following parameter:
    Info: Parameter "lpm_type" = "LPM_BUSTRI"
    Info: Parameter "lpm_width" = "16"
Info: Elaborating entity "STACK_OUTPUT_MUX" for hierarchy "STACK:inst|STACK_OUTPUT_MUX:inst10"
Info: Elaborating entity "LPM_MUX" for hierarchy "STACK:inst|STACK_OUTPUT_MUX:inst10|LPM_MUX:lpm_mux_component"
Info: Elaborated megafunction instantiation "STACK:inst|STACK_OUTPUT_MUX:inst10|LPM_MUX:lpm_mux_component"
Info: Instantiated megafunction "STACK:inst|STACK_OUTPUT_MUX:inst10|LPM_MUX:lpm_mux_component" with the following parameter:
    Info: Parameter "LPM_WIDTH" = "16"
    Info: Parameter "LPM_SIZE" = "5"
    Info: Parameter "LPM_WIDTHS" = "3"
    Info: Parameter "LPM_PIPELINE" = "0"
    Info: Parameter "LPM_TYPE" = "LPM_MUX"
    Info: Parameter "LPM_HINT" = "UNUSED"
Info: Found 1 design units, including 1 entities, in source file db/mux_t5e.tdf
    Info: Found entity 1: mux_t5e
Info: Elaborating entity "mux_t5e" for hierarchy "STACK:inst|STACK_OUTPUT_MUX:inst10|LPM_MUX:lpm_mux_component|mux_t5e:auto_generated"
Info: Elaborating entity "STACK_REGISTER" for hierarchy "STACK:inst|STACK_REGISTER:inst8"
Info: Elaborating entity "lpm_ff" for hierarchy "STACK:inst|STACK_REGISTER:inst8|lpm_ff:lpm_ff_component"
Info: Elaborated megafunction instantiation "STACK:inst|STACK_REGISTER:inst8|lpm_ff:lpm_ff_component"
Info: Instantiated megafunction "STACK:inst|STACK_REGISTER:inst8|lpm_ff:lpm_ff_component" with the following parameter:
    Info: Parameter "lpm_fftype" = "DFF"
    Info: Parameter "lpm_type" = "LPM_FF"
    Info: Parameter "lpm_width" = "16"
Info: Elaborating entity "STACK_POINTER_DECODER" for hierarchy "STACK:inst|STACK_POINTER_DECODER:inst9"
Info: Elaborating entity "lpm_decode" for hierarchy "STACK:inst|STACK_POINTER_DECODER:inst9|lpm_decode:lpm_decode_component"
Info: Elaborated megafunction instantiation "STACK:inst|STACK_POINTER_DECODER:inst9|lpm_decode:lpm_decode_component"
Info: Instantiated megafunction "STACK:inst|STACK_POINTER_DECODER:inst9|lpm_decode:lpm_decode_component" with the following parameter:
    Info: Parameter "lpm_decodes" = "8"
    Info: Parameter "lpm_type" = "LPM_DECODE"
    Info: Parameter "lpm_width" = "3"
Info: Found 1 design units, including 1 entities, in source file db/decode_u7f.tdf
    Info: Found entity 1: decode_u7f
Info: Elaborating entity "decode_u7f" for hierarchy "STACK:inst|STACK_POINTER_DECODER:inst9|lpm_decode:lpm_decode_component|decode_u7f:auto_generated"
Info: Elaborating entity "STACK_POINTER_COUNTER" for hierarchy "STACK:inst|STACK_POINTER_COUNTER:inst"
Info: Elaborating entity "lpm_counter" for hierarchy "STACK:inst|STACK_POINTER_COUNTER:inst|lpm_counter:lpm_counter_component"
Info: Elaborated megafunction instantiation "STACK:inst|STACK_POINTER_COUNTER:inst|lpm_counter:lpm_counter_component"
Info: Instantiated megafunction "STACK:inst|STACK_POINTER_COUNTER:inst|lpm_counter:lpm_counter_component" with the following parameter:
    Info: Parameter "lpm_avalue" = "4"
    Info: Parameter "lpm_direction" = "UNUSED"
    Info: Parameter "lpm_port_updown" = "PORT_USED"
    Info: Parameter "lpm_type" = "LPM_COUNTER"
    Info: Parameter "lpm_width" = "3"
Info: Found 1 design units, including 1 entities, in source file db/cntr_afi.tdf
    Info: Found entity 1: cntr_afi
Info: Elaborating entity "cntr_afi" for hierarchy "STACK:inst|STACK_POINTER_COUNTER:inst|lpm_counter:lpm_counter_component|cntr_afi:auto_generated"
Info: Elaborating entity "STACK_POINTER_ASYNC_CLEAR_COMPARATOR" for hierarchy "STACK:inst|STACK_POINTER_ASYNC_CLEAR_COMPARATOR:inst2"
Info: Elaborating entity "lpm_compare" for hierarchy "STACK:inst|STACK_POINTER_ASYNC_CLEAR_COMPARATOR:inst2|lpm_compare:lpm_compare_component"
Info: Elaborated megafunction instantiation "STACK:inst|STACK_POINTER_ASYNC_CLEAR_COMPARATOR:inst2|lpm_compare:lpm_compare_component"
Info: Instantiated megafunction "STACK:inst|STACK_POINTER_ASYNC_CLEAR_COMPARATOR:inst2|lpm_compare:lpm_compare_component" with the following parameter:
    Info: Parameter "lpm_hint" = "ONE_INPUT_IS_CONSTANT=YES"
    Info: Parameter "lpm_representation" = "UNSIGNED"
    Info: Parameter "lpm_type" = "LPM_COMPARE"
    Info: Parameter "lpm_width" = "3"
Info: Found 1 design units, including 1 entities, in source file db/cmpr_h8j.tdf
    Info: Found entity 1: cmpr_h8j
Info: Elaborating entity "cmpr_h8j" for hierarchy "STACK:inst|STACK_POINTER_ASYNC_CLEAR_COMPARATOR:inst2|lpm_compare:lpm_compare_component|cmpr_h8j:auto_generated"
Info: Elaborating entity "STACK_POINTER_ASYNC_SET_COMPARATOR" for hierarchy "STACK:inst|STACK_POINTER_ASYNC_SET_COMPARATOR:inst3"
Info: Elaborating entity "lpm_compare" for hierarchy "STACK:inst|STACK_POINTER_ASYNC_SET_COMPARATOR:inst3|lpm_compare:lpm_compare_component"
Info: Elaborated megafunction instantiation "STACK:inst|STACK_POINTER_ASYNC_SET_COMPARATOR:inst3|lpm_compare:lpm_compare_component"
Info: Instantiated megafunction "STACK:inst|STACK_POINTER_ASYNC_SET_COMPARATOR:inst3|lpm_compare:lpm_compare_component" with the following parameter:
    Info: Parameter "lpm_hint" = "ONE_INPUT_IS_CONSTANT=YES"
    Info: Parameter "lpm_representation" = "UNSIGNED"
    Info: Parameter "lpm_type" = "LPM_COMPARE"
    Info: Parameter "lpm_width" = "3"
Info: Implemented 162 device resources after synthesis - the final resource count might be different
    Info: Implemented 19 input pins
    Info: Implemented 19 output pins
    Info: Implemented 124 logic cells
Info: Quartus II Analysis & Synthesis was successful. 0 errors, 1 warning
    Info: Peak virtual memory: 307 megabytes
    Info: Processing ended: Wed May 16 18:12:57 2018
    Info: Elapsed time: 00:00:06
    Info: Total CPU time (on all processors): 00:00:09


